Archive member included to satisfy reference by file (symbol)

C:/ST/STM32CubeIDE_1.13.2/STM32CubeIDE/plugins/com.st.stm32cube.ide.mcu.externaltools.gnu-tools-for-stm32.11.3.rel1.win32_1.1.1.202309131626/tools/bin/../lib/gcc/arm-none-eabi/11.3.1/../../../../arm-none-eabi/lib/thumb/v7-m/nofp\libc_nano.a(libc_a-exit.o)
                              C:/ST/STM32CubeIDE_1.13.2/STM32CubeIDE/plugins/com.st.stm32cube.ide.mcu.externaltools.gnu-tools-for-stm32.11.3.rel1.win32_1.1.1.202309131626/tools/bin/../lib/gcc/arm-none-eabi/11.3.1/../../../../arm-none-eabi/lib/thumb/v7-m/nofp/crt0.o (exit)
C:/ST/STM32CubeIDE_1.13.2/STM32CubeIDE/plugins/com.st.stm32cube.ide.mcu.externaltools.gnu-tools-for-stm32.11.3.rel1.win32_1.1.1.202309131626/tools/bin/../lib/gcc/arm-none-eabi/11.3.1/../../../../arm-none-eabi/lib/thumb/v7-m/nofp\libc_nano.a(libc_a-findfp.o)
                              C:/ST/STM32CubeIDE_1.13.2/STM32CubeIDE/plugins/com.st.stm32cube.ide.mcu.externaltools.gnu-tools-for-stm32.11.3.rel1.win32_1.1.1.202309131626/tools/bin/../lib/gcc/arm-none-eabi/11.3.1/../../../../arm-none-eabi/lib/thumb/v7-m/nofp\libc_nano.a(libc_a-exit.o) (__stdio_exit_handler)
C:/ST/STM32CubeIDE_1.13.2/STM32CubeIDE/plugins/com.st.stm32cube.ide.mcu.externaltools.gnu-tools-for-stm32.11.3.rel1.win32_1.1.1.202309131626/tools/bin/../lib/gcc/arm-none-eabi/11.3.1/../../../../arm-none-eabi/lib/thumb/v7-m/nofp\libc_nano.a(libc_a-fwalk.o)
                              C:/ST/STM32CubeIDE_1.13.2/STM32CubeIDE/plugins/com.st.stm32cube.ide.mcu.externaltools.gnu-tools-for-stm32.11.3.rel1.win32_1.1.1.202309131626/tools/bin/../lib/gcc/arm-none-eabi/11.3.1/../../../../arm-none-eabi/lib/thumb/v7-m/nofp\libc_nano.a(libc_a-findfp.o) (_fwalk_sglue)
C:/ST/STM32CubeIDE_1.13.2/STM32CubeIDE/plugins/com.st.stm32cube.ide.mcu.externaltools.gnu-tools-for-stm32.11.3.rel1.win32_1.1.1.202309131626/tools/bin/../lib/gcc/arm-none-eabi/11.3.1/../../../../arm-none-eabi/lib/thumb/v7-m/nofp\libc_nano.a(libc_a-stdio.o)
                              C:/ST/STM32CubeIDE_1.13.2/STM32CubeIDE/plugins/com.st.stm32cube.ide.mcu.externaltools.gnu-tools-for-stm32.11.3.rel1.win32_1.1.1.202309131626/tools/bin/../lib/gcc/arm-none-eabi/11.3.1/../../../../arm-none-eabi/lib/thumb/v7-m/nofp\libc_nano.a(libc_a-findfp.o) (__sread)
C:/ST/STM32CubeIDE_1.13.2/STM32CubeIDE/plugins/com.st.stm32cube.ide.mcu.externaltools.gnu-tools-for-stm32.11.3.rel1.win32_1.1.1.202309131626/tools/bin/../lib/gcc/arm-none-eabi/11.3.1/../../../../arm-none-eabi/lib/thumb/v7-m/nofp\libc_nano.a(libc_a-memcmp.o)
                              ./Core/Src/main.o (memcmp)
C:/ST/STM32CubeIDE_1.13.2/STM32CubeIDE/plugins/com.st.stm32cube.ide.mcu.externaltools.gnu-tools-for-stm32.11.3.rel1.win32_1.1.1.202309131626/tools/bin/../lib/gcc/arm-none-eabi/11.3.1/../../../../arm-none-eabi/lib/thumb/v7-m/nofp\libc_nano.a(libc_a-memset.o)
                              C:/ST/STM32CubeIDE_1.13.2/STM32CubeIDE/plugins/com.st.stm32cube.ide.mcu.externaltools.gnu-tools-for-stm32.11.3.rel1.win32_1.1.1.202309131626/tools/bin/../lib/gcc/arm-none-eabi/11.3.1/../../../../arm-none-eabi/lib/thumb/v7-m/nofp/crt0.o (memset)
C:/ST/STM32CubeIDE_1.13.2/STM32CubeIDE/plugins/com.st.stm32cube.ide.mcu.externaltools.gnu-tools-for-stm32.11.3.rel1.win32_1.1.1.202309131626/tools/bin/../lib/gcc/arm-none-eabi/11.3.1/../../../../arm-none-eabi/lib/thumb/v7-m/nofp\libc_nano.a(libc_a-closer.o)
                              C:/ST/STM32CubeIDE_1.13.2/STM32CubeIDE/plugins/com.st.stm32cube.ide.mcu.externaltools.gnu-tools-for-stm32.11.3.rel1.win32_1.1.1.202309131626/tools/bin/../lib/gcc/arm-none-eabi/11.3.1/../../../../arm-none-eabi/lib/thumb/v7-m/nofp\libc_nano.a(libc_a-stdio.o) (_close_r)
C:/ST/STM32CubeIDE_1.13.2/STM32CubeIDE/plugins/com.st.stm32cube.ide.mcu.externaltools.gnu-tools-for-stm32.11.3.rel1.win32_1.1.1.202309131626/tools/bin/../lib/gcc/arm-none-eabi/11.3.1/../../../../arm-none-eabi/lib/thumb/v7-m/nofp\libc_nano.a(libc_a-reent.o)
                              C:/ST/STM32CubeIDE_1.13.2/STM32CubeIDE/plugins/com.st.stm32cube.ide.mcu.externaltools.gnu-tools-for-stm32.11.3.rel1.win32_1.1.1.202309131626/tools/bin/../lib/gcc/arm-none-eabi/11.3.1/../../../../arm-none-eabi/lib/thumb/v7-m/nofp\libc_nano.a(libc_a-closer.o) (errno)
C:/ST/STM32CubeIDE_1.13.2/STM32CubeIDE/plugins/com.st.stm32cube.ide.mcu.externaltools.gnu-tools-for-stm32.11.3.rel1.win32_1.1.1.202309131626/tools/bin/../lib/gcc/arm-none-eabi/11.3.1/../../../../arm-none-eabi/lib/thumb/v7-m/nofp\libc_nano.a(libc_a-impure.o)
                              C:/ST/STM32CubeIDE_1.13.2/STM32CubeIDE/plugins/com.st.stm32cube.ide.mcu.externaltools.gnu-tools-for-stm32.11.3.rel1.win32_1.1.1.202309131626/tools/bin/../lib/gcc/arm-none-eabi/11.3.1/../../../../arm-none-eabi/lib/thumb/v7-m/nofp\libc_nano.a(libc_a-reent.o) (_impure_ptr)
[...]
Memory Configuration

Name             Origin             Length             Attributes
RAM              0x0000000020000000 0x0000000000005000 xrw
FLASH            0x0000000008000000 0x0000000000020000 xr
*default*        0x0000000000000000 0xffffffffffffffff

Linker script and memory map

LOAD C:/ST/STM32CubeIDE_1.13.2/STM32CubeIDE/plugins/com.st.stm32cube.ide.mcu.externaltools.gnu-tools-for-stm32.11.3.rel1.win32_1.1.1.202309131626/tools/bin/../lib/gcc/arm-none-eabi/11.3.1/thumb/v7-m/nofp/crti.o
LOAD C:/ST/STM32CubeIDE_1.13.2/STM32CubeIDE/plugins/com.st.stm32cube.ide.mcu.externaltools.gnu-tools-for-stm32.11.3.rel1.win32_1.1.1.202309131626/tools/bin/../lib/gcc/arm-none-eabi/11.3.1/thumb/v7-m/nofp/crtbegin.o
LOAD C:/ST/STM32CubeIDE_1.13.2/STM32CubeIDE/plugins/com.st.stm32cube.ide.mcu.externaltools.gnu-tools-for-stm32.11.3.rel1.win32_1.1.1.202309131626/tools/bin/../lib/gcc/arm-none-eabi/11.3.1/../../../../arm-none-eabi/lib/thumb/v7-m/nofp/crt0.o
LOAD ./Core/Src/circ_buffer.o
LOAD ./Core/Src/e22900t22d.o
LOAD ./Core/Src/freertos.o
LOAD ./Core/Src/main.o
LOAD ./Core/Src/stm32f1xx_hal_msp.o
LOAD ./Core/Src/stm32f1xx_it.o
LOAD ./Core/Src/syscalls.o
LOAD ./Core/Src/sysmem.o
LOAD ./Core/Src/system_stm32f1xx.o
LOAD ./Core/Startup/startup_stm32f103rbtx.o
LOAD ./Drivers/STM32F1xx_HAL_Driver/Src/stm32f1xx_hal.o
LOAD ./Drivers/STM32F1xx_HAL_Driver/Src/stm32f1xx_hal_cortex.o
LOAD ./Drivers/STM32F1xx_HAL_Driver/Src/stm32f1xx_hal_dma.o
LOAD ./Drivers/STM32F1xx_HAL_Driver/Src/stm32f1xx_hal_exti.o
LOAD ./Drivers/STM32F1xx_HAL_Driver/Src/stm32f1xx_hal_flash.o
LOAD ./Drivers/STM32F1xx_HAL_Driver/Src/stm32f1xx_hal_flash_ex.o
LOAD ./Drivers/STM32F1xx_HAL_Driver/Src/stm32f1xx_hal_gpio.o
LOAD ./Drivers/STM32F1xx_HAL_Driver/Src/stm32f1xx_hal_gpio_ex.o
LOAD ./Drivers/STM32F1xx_HAL_Driver/Src/stm32f1xx_hal_pwr.o
LOAD ./Drivers/STM32F1xx_HAL_Driver/Src/stm32f1xx_hal_rcc.o
LOAD ./Drivers/STM32F1xx_HAL_Driver/Src/stm32f1xx_hal_rcc_ex.o
LOAD ./Drivers/STM32F1xx_HAL_Driver/Src/stm32f1xx_hal_tim.o
LOAD ./Drivers/STM32F1xx_HAL_Driver/Src/stm32f1xx_hal_tim_ex.o
LOAD ./Drivers/STM32F1xx_HAL_Driver/Src/stm32f1xx_hal_uart.o
LOAD ./Middlewares/Third_Party/FreeRTOS/Source/CMSIS_RTOS/cmsis_os.o
LOAD ./Middlewares/Third_Party/FreeRTOS/Source/croutine.o
LOAD ./Middlewares/Third_Party/FreeRTOS/Source/event_groups.o
LOAD ./Middlewares/Third_Party/FreeRTOS/Source/list.o
LOAD ./Middlewares/Third_Party/FreeRTOS/Source/queue.o
LOAD ./Middlewares/Third_Party/FreeRTOS/Source/stream_buffer.o
LOAD ./Middlewares/Third_Party/FreeRTOS/Source/tasks.o
LOAD ./Middlewares/Third_Party/FreeRTOS/Source/timers.o
LOAD ./Middlewares/Third_Party/FreeRTOS/Source/portable/GCC/ARM_CM3/port.o
LOAD ./Middlewares/Third_Party/FreeRTOS/Source/portable/MemMang/heap_4.o
START GROUP
LOAD C:/ST/STM32CubeIDE_1.13.2/STM32CubeIDE/plugins/com.st.stm32cube.ide.mcu.externaltools.gnu-tools-for-stm32.11.3.rel1.win32_1.1.1.202309131626/tools/bin/../lib/gcc/arm-none-eabi/11.3.1/../../../../arm-none-eabi/lib/thumb/v7-m/nofp\libc_nano.a
LOAD C:/ST/STM32CubeIDE_1.13.2/STM32CubeIDE/plugins/com.st.stm32cube.ide.mcu.externaltools.gnu-tools-for-stm32.11.3.rel1.win32_1.1.1.202309131626/tools/bin/../lib/gcc/arm-none-eabi/11.3.1/../../../../arm-none-eabi/lib/thumb/v7-m/nofp\libm.a
END GROUP
START GROUP
LOAD C:/ST/STM32CubeIDE_1.13.2/STM32CubeIDE/plugins/com.st.stm32cube.ide.mcu.externaltools.gnu-tools-for-stm32.11.3.rel1.win32_1.1.1.202309131626/tools/bin/../lib/gcc/arm-none-eabi/11.3.1/thumb/v7-m/nofp\libgcc.a
LOAD C:/ST/STM32CubeIDE_1.13.2/STM32CubeIDE/plugins/com.st.stm32cube.ide.mcu.externaltools.gnu-tools-for-stm32.11.3.rel1.win32_1.1.1.202309131626/tools/bin/../lib/gcc/arm-none-eabi/11.3.1/../../../../arm-none-eabi/lib/thumb/v7-m/nofp\libc_nano.a
END GROUP
START GROUP
LOAD C:/ST/STM32CubeIDE_1.13.2/STM32CubeIDE/plugins/com.st.stm32cube.ide.mcu.externaltools.gnu-tools-for-stm32.11.3.rel1.win32_1.1.1.202309131626/tools/bin/../lib/gcc/arm-none-eabi/11.3.1/thumb/v7-m/nofp\libgcc.a
LOAD C:/ST/STM32CubeIDE_1.13.2/STM32CubeIDE/plugins/com.st.stm32cube.ide.mcu.externaltools.gnu-tools-for-stm32.11.3.rel1.win32_1.1.1.202309131626/tools/bin/../lib/gcc/arm-none-eabi/11.3.1/../../../../arm-none-eabi/lib/thumb/v7-m/nofp\libc_nano.a
LOAD C:/ST/STM32CubeIDE_1.13.2/STM32CubeIDE/plugins/com.st.stm32cube.ide.mcu.externaltools.gnu-tools-for-stm32.11.3.rel1.win32_1.1.1.202309131626/tools/bin/../lib/gcc/arm-none-eabi/11.3.1/../../../../arm-none-eabi/lib/thumb/v7-m/nofp\libnosys.a
END GROUP
START GROUP
LOAD C:/ST/STM32CubeIDE_1.13.2/STM32CubeIDE/plugins/com.st.stm32cube.ide.mcu.externaltools.gnu-tools-for-stm32.11.3.rel1.win32_1.1.1.202309131626/tools/bin/../lib/gcc/arm-none-eabi/11.3.1/thumb/v7-m/nofp\libgcc.a
LOAD C:/ST/STM32CubeIDE_1.13.2/STM32CubeIDE/plugins/com.st.stm32cube.ide.mcu.externaltools.gnu-tools-for-stm32.11.3.rel1.win32_1.1.1.202309131626/tools/bin/../lib/gcc/arm-none-eabi/11.3.1/../../../../arm-none-eabi/lib/thumb/v7-m/nofp\libc_nano.a
LOAD C:/ST/STM32CubeIDE_1.13.2/STM32CubeIDE/plugins/com.st.stm32cube.ide.mcu.externaltools.gnu-tools-for-stm32.11.3.rel1.win32_1.1.1.202309131626/tools/bin/../lib/gcc/arm-none-eabi/11.3.1/../../../../arm-none-eabi/lib/thumb/v7-m/nofp\libnosys.a
END GROUP
LOAD C:/ST/STM32CubeIDE_1.13.2/STM32CubeIDE/plugins/com.st.stm32cube.ide.mcu.externaltools.gnu-tools-for-stm32.11.3.rel1.win32_1.1.1.202309131626/tools/bin/../lib/gcc/arm-none-eabi/11.3.1/thumb/v7-m/nofp/crtend.o
LOAD C:/ST/STM32CubeIDE_1.13.2/STM32CubeIDE/plugins/com.st.stm32cube.ide.mcu.externaltools.gnu-tools-for-stm32.11.3.rel1.win32_1.1.1.202309131626/tools/bin/../lib/gcc/arm-none-eabi/11.3.1/thumb/v7-m/nofp/crtn.o
                0x0000000020005000                _estack = (ORIGIN (RAM) + LENGTH (RAM))
                0x0000000000000200                _Min_Heap_Size = 0x200
                0x0000000000000400                _Min_Stack_Size = 0x400

.isr_vector     0x0000000008000000      0x10c
                0x0000000008000000                . = ALIGN (0x4)
 *(.isr_vector)
 .isr_vector    0x0000000008000000      0x10c ./Core/Startup/startup_stm32f103rbtx.o
                0x0000000008000000                g_pfnVectors
                0x000000000800010c                . = ALIGN (0x4)

.text           0x0000000008000110     0x4a6c
                0x0000000008000110                . = ALIGN (0x4)
 *(.text)
 .text          0x0000000008000110       0x40 C:/ST/STM32CubeIDE_1.13.2/STM32CubeIDE/plugins/com.st.stm32cube.ide.mcu.externaltools.gnu-tools-for-stm32.11.3.rel1.win32_1.1.1.202309131626/tools/bin/../lib/gcc/arm-none-eabi/11.3.1/thumb/v7-m/nofp/crtbegin.o
 *(.text*)
 .text.circ_buffer_enqueue
                0x0000000008000150       0x94 ./Core/Src/circ_buffer.o
                0x0000000008000150                circ_buffer_enqueue
 .text.circ_buffer_dequeue
                0x00000000080001e4       0x6c ./Core/Src/circ_buffer.o
                0x00000000080001e4                circ_buffer_dequeue
 .text.circ_buffer_getNextSize
                0x0000000008000250       0x36 ./Core/Src/circ_buffer.o
                0x0000000008000250                circ_buffer_getNextSize
 *fill*         0x0000000008000286        0x2 
 .text.e22_lora_init
                0x0000000008000288       0x70 ./Core/Src/e22900t22d.o
                0x0000000008000288                e22_lora_init
 .text.e22_lora_transnit
                0x00000000080002f8       0x88 ./Core/Src/e22900t22d.o
                0x00000000080002f8                e22_lora_transnit
 .text.e22_lora_manager
                0x0000000008000380       0x94 ./Core/Src/e22900t22d.o
                0x0000000008000380                e22_lora_manager
 .text.e22_lora_make_ready
                0x0000000008000414       0x18 ./Core/Src/e22900t22d.o
                0x0000000008000414                e22_lora_make_ready
 .text.e22_lora_reception_complete
                0x000000000800042c       0x3c ./Core/Src/e22900t22d.o
                0x000000000800042c                e22_lora_reception_complete
 .text.vApplicationGetIdleTaskMemory
                0x0000000008000468       0x30 ./Core/Src/freertos.o
                0x0000000008000468                vApplicationGetIdleTaskMemory
 .text.main     0x0000000008000498       0xd8 ./Core/Src/main.o
                0x0000000008000498                main
 .text.SystemClock_Config
                0x0000000008000570       0x8a ./Core/Src/main.o
                0x0000000008000570                SystemClock_Config
 *fill*         0x00000000080005fa        0x2 
 .text.MX_TIM2_Init
                0x00000000080005fc       0x98 ./Core/Src/main.o
 .text.MX_USART1_UART_Init
                0x0000000008000694       0x54 ./Core/Src/main.o
 .text.MX_DMA_Init
                0x00000000080006e8       0x4c ./Core/Src/main.o
 .text.MX_GPIO_Init
                0x0000000008000734      0x120 ./Core/Src/main.o
 .text.led_toggle_task
                0x0000000008000854       0x28 ./Core/Src/main.o
 .text.e22_handle_task
                0x000000000800087c       0x28 ./Core/Src/main.o
 .text.e22_transmission_task
                0x00000000080008a4       0x58 ./Core/Src/main.o
 .text.main_e22_transceiverMode
                0x00000000080008fc        0xc ./Core/Src/main.o
 .text.main_e22_configurationMode
                0x0000000008000908        0xc ./Core/Src/main.o
 .text.HAL_UART_TxCpltCallback
                0x0000000008000914       0x14 ./Core/Src/main.o
                0x0000000008000914                HAL_UART_TxCpltCallback
 .text.HAL_UARTEx_RxEventCallback
                0x0000000008000928       0x1e ./Core/Src/main.o
                0x0000000008000928                HAL_UARTEx_RxEventCallback
 *fill*         0x0000000008000946        0x2 
 .text.main_lora_packet_receive
                0x0000000008000948       0x58 ./Core/Src/main.o
 .text.StartDefaultTask
                0x00000000080009a0       0x10 ./Core/Src/main.o
                0x00000000080009a0                StartDefaultTask
 .text.Error_Handler
                0x00000000080009b0        0xa ./Core/Src/main.o
                0x00000000080009b0                Error_Handler
 *fill*         0x00000000080009ba        0x2 
 .text.HAL_MspInit
                0x00000000080009bc       0x70 ./Core/Src/stm32f1xx_hal_msp.o
                0x00000000080009bc                HAL_MspInit
 .text.HAL_TIM_Base_MspInit
                0x0000000008000a2c       0x38 ./Core/Src/stm32f1xx_hal_msp.o
                0x0000000008000a2c                HAL_TIM_Base_MspInit
 .text.HAL_UART_MspInit
                0x0000000008000a64      0x154 ./Core/Src/stm32f1xx_hal_msp.o
                0x0000000008000a64                HAL_UART_MspInit
 .text.NMI_Handler
                0x0000000008000bb8        0x6 ./Core/Src/stm32f1xx_it.o
                0x0000000008000bb8                NMI_Handler
 .text.HardFault_Handler
                0x0000000008000bbe        0x6 ./Core/Src/stm32f1xx_it.o
                0x0000000008000bbe                HardFault_Handler
 .text.MemManage_Handler
                0x0000000008000bc4        0x6 ./Core/Src/stm32f1xx_it.o
                0x0000000008000bc4                MemManage_Handler
 .text.BusFault_Handler
                0x0000000008000bca        0x6 ./Core/Src/stm32f1xx_it.o
                0x0000000008000bca                BusFault_Handler
 .text.UsageFault_Handler
                0x0000000008000bd0        0x6 ./Core/Src/stm32f1xx_it.o
                0x0000000008000bd0                UsageFault_Handler
 .text.DebugMon_Handler
                0x0000000008000bd6        0xc ./Core/Src/stm32f1xx_it.o
                0x0000000008000bd6                DebugMon_Handler
 .text.SysTick_Handler
                0x0000000008000be2       0x1a ./Core/Src/stm32f1xx_it.o
                0x0000000008000be2                SysTick_Handler
 .text.DMA1_Channel4_IRQHandler
                0x0000000008000bfc       0x14 ./Core/Src/stm32f1xx_it.o
                0x0000000008000bfc                DMA1_Channel4_IRQHandler
 .text.DMA1_Channel5_IRQHandler
                0x0000000008000c10       0x14 ./Core/Src/stm32f1xx_it.o
                0x0000000008000c10                DMA1_Channel5_IRQHandler
 .text.USART1_IRQHandler
                0x0000000008000c24       0x14 ./Core/Src/stm32f1xx_it.o
                0x0000000008000c24                USART1_IRQHandler
 .text.EXTI15_10_IRQHandler
                0x0000000008000c38       0x10 ./Core/Src/stm32f1xx_it.o
                0x0000000008000c38                EXTI15_10_IRQHandler
 .text.SystemInit
                0x0000000008000c48        0xc ./Core/Src/system_stm32f1xx.o
                0x0000000008000c48                SystemInit
 .text.Reset_Handler
                0x0000000008000c54       0x48 ./Core/Startup/startup_stm32f103rbtx.o
                0x0000000008000c54                Reset_Handler
 .text.Default_Handler
                0x0000000008000c9c        0x2 ./Core/Startup/startup_stm32f103rbtx.o
                0x0000000008000c9c                RTC_Alarm_IRQHandler
                0x0000000008000c9c                EXTI2_IRQHandler
                0x0000000008000c9c                TIM1_CC_IRQHandler
                0x0000000008000c9c                PVD_IRQHandler
                0x0000000008000c9c                EXTI3_IRQHandler
                0x0000000008000c9c                EXTI0_IRQHandler
                0x0000000008000c9c                I2C2_EV_IRQHandler
                0x0000000008000c9c                ADC1_2_IRQHandler
                0x0000000008000c9c                SPI1_IRQHandler
                0x0000000008000c9c                TAMPER_IRQHandler
                0x0000000008000c9c                USART3_IRQHandler
                0x0000000008000c9c                RTC_IRQHandler
                0x0000000008000c9c                DMA1_Channel7_IRQHandler
                0x0000000008000c9c                CAN1_RX1_IRQHandler
                0x0000000008000c9c                TIM4_IRQHandler
                0x0000000008000c9c                I2C1_EV_IRQHandler
                0x0000000008000c9c                DMA1_Channel6_IRQHandler
                0x0000000008000c9c                TIM3_IRQHandler
                0x0000000008000c9c                RCC_IRQHandler
                0x0000000008000c9c                TIM1_TRG_COM_IRQHandler
                0x0000000008000c9c                DMA1_Channel1_IRQHandler
                0x0000000008000c9c                Default_Handler
                0x0000000008000c9c                EXTI9_5_IRQHandler
                0x0000000008000c9c                SPI2_IRQHandler
                0x0000000008000c9c                EXTI4_IRQHandler
                0x0000000008000c9c                USB_LP_CAN1_RX0_IRQHandler
                0x0000000008000c9c                USB_HP_CAN1_TX_IRQHandler
                0x0000000008000c9c                DMA1_Channel3_IRQHandler
                0x0000000008000c9c                TIM1_UP_IRQHandler
                0x0000000008000c9c                WWDG_IRQHandler
                0x0000000008000c9c                TIM2_IRQHandler
                0x0000000008000c9c                TIM1_BRK_IRQHandler
                0x0000000008000c9c                EXTI1_IRQHandler
                0x0000000008000c9c                USART2_IRQHandler
                0x0000000008000c9c                I2C2_ER_IRQHandler
                0x0000000008000c9c                DMA1_Channel2_IRQHandler
                0x0000000008000c9c                CAN1_SCE_IRQHandler
                0x0000000008000c9c                FLASH_IRQHandler
                0x0000000008000c9c                I2C1_ER_IRQHandler
                0x0000000008000c9c                USBWakeUp_IRQHandler
 *fill*         0x0000000008000c9e        0x2 
 .text.HAL_Init
                0x0000000008000ca0       0x2c ./Drivers/STM32F1xx_HAL_Driver/Src/stm32f1xx_hal.o
                0x0000000008000ca0                HAL_Init
 .text.HAL_InitTick
                0x0000000008000ccc       0x60 ./Drivers/STM32F1xx_HAL_Driver/Src/stm32f1xx_hal.o
                0x0000000008000ccc                HAL_InitTick
 .text.HAL_IncTick
                0x0000000008000d2c       0x24 ./Drivers/STM32F1xx_HAL_Driver/Src/stm32f1xx_hal.o
                0x0000000008000d2c                HAL_IncTick
 .text.HAL_GetTick
                0x0000000008000d50       0x14 ./Drivers/STM32F1xx_HAL_Driver/Src/stm32f1xx_hal.o
                0x0000000008000d50                HAL_GetTick
 .text.__NVIC_SetPriorityGrouping
                0x0000000008000d64       0x48 ./Drivers/STM32F1xx_HAL_Driver/Src/stm32f1xx_hal_cortex.o
 .text.__NVIC_GetPriorityGrouping
                0x0000000008000dac       0x1c ./Drivers/STM32F1xx_HAL_Driver/Src/stm32f1xx_hal_cortex.o
 .text.__NVIC_EnableIRQ
                0x0000000008000dc8       0x38 ./Drivers/STM32F1xx_HAL_Driver/Src/stm32f1xx_hal_cortex.o
 .text.__NVIC_SetPriority
                0x0000000008000e00       0x54 ./Drivers/STM32F1xx_HAL_Driver/Src/stm32f1xx_hal_cortex.o
 .text.NVIC_EncodePriority
                0x0000000008000e54       0x64 ./Drivers/STM32F1xx_HAL_Driver/Src/stm32f1xx_hal_cortex.o
 .text.SysTick_Config
                0x0000000008000eb8       0x44 ./Drivers/STM32F1xx_HAL_Driver/Src/stm32f1xx_hal_cortex.o
 .text.HAL_NVIC_SetPriorityGrouping
                0x0000000008000efc       0x16 ./Drivers/STM32F1xx_HAL_Driver/Src/stm32f1xx_hal_cortex.o
                0x0000000008000efc                HAL_NVIC_SetPriorityGrouping
 .text.HAL_NVIC_SetPriority
                0x0000000008000f12       0x38 ./Drivers/STM32F1xx_HAL_Driver/Src/stm32f1xx_hal_cortex.o
                0x0000000008000f12                HAL_NVIC_SetPriority
 .text.HAL_NVIC_EnableIRQ
                0x0000000008000f4a       0x1c ./Drivers/STM32F1xx_HAL_Driver/Src/stm32f1xx_hal_cortex.o
                0x0000000008000f4a                HAL_NVIC_EnableIRQ
 .text.HAL_SYSTICK_Config
                0x0000000008000f66       0x18 ./Drivers/STM32F1xx_HAL_Driver/Src/stm32f1xx_hal_cortex.o
                0x0000000008000f66                HAL_SYSTICK_Config
 *fill*         0x0000000008000f7e        0x2 
 .text.HAL_DMA_Init
                0x0000000008000f80       0xb4 ./Drivers/STM32F1xx_HAL_Driver/Src/stm32f1xx_hal_dma.o
                0x0000000008000f80                HAL_DMA_Init
 .text.HAL_DMA_Start_IT
                0x0000000008001034       0xc0 ./Drivers/STM32F1xx_HAL_Driver/Src/stm32f1xx_hal_dma.o
                0x0000000008001034                HAL_DMA_Start_IT
 .text.HAL_DMA_Abort
                0x00000000080010f4       0x76 ./Drivers/STM32F1xx_HAL_Driver/Src/stm32f1xx_hal_dma.o
                0x00000000080010f4                HAL_DMA_Abort
 *fill*         0x000000000800116a        0x2 
 .text.HAL_DMA_Abort_IT
                0x000000000800116c       0xf0 ./Drivers/STM32F1xx_HAL_Driver/Src/stm32f1xx_hal_dma.o
                0x000000000800116c                HAL_DMA_Abort_IT
 .text.HAL_DMA_IRQHandler
                0x000000000800125c      0x20c ./Drivers/STM32F1xx_HAL_Driver/Src/stm32f1xx_hal_dma.o
                0x000000000800125c                HAL_DMA_IRQHandler
 .text.DMA_SetConfig
                0x0000000008001468       0x5a ./Drivers/STM32F1xx_HAL_Driver/Src/stm32f1xx_hal_dma.o
 *fill*         0x00000000080014c2        0x2 
 .text.HAL_GPIO_Init
                0x00000000080014c4      0x308 ./Drivers/STM32F1xx_HAL_Driver/Src/stm32f1xx_hal_gpio.o
                0x00000000080014c4                HAL_GPIO_Init
 .text.HAL_GPIO_WritePin
                0x00000000080017cc       0x30 ./Drivers/STM32F1xx_HAL_Driver/Src/stm32f1xx_hal_gpio.o
                0x00000000080017cc                HAL_GPIO_WritePin
 .text.HAL_GPIO_TogglePin
                0x00000000080017fc       0x32 ./Drivers/STM32F1xx_HAL_Driver/Src/stm32f1xx_hal_gpio.o
                0x00000000080017fc                HAL_GPIO_TogglePin
 *fill*         0x000000000800182e        0x2 
 .text.HAL_GPIO_EXTI_IRQHandler
                0x0000000008001830       0x30 ./Drivers/STM32F1xx_HAL_Driver/Src/stm32f1xx_hal_gpio.o
                0x0000000008001830                HAL_GPIO_EXTI_IRQHandler
 .text.HAL_GPIO_EXTI_Callback
                0x0000000008001860       0x14 ./Drivers/STM32F1xx_HAL_Driver/Src/stm32f1xx_hal_gpio.o
                0x0000000008001860                HAL_GPIO_EXTI_Callback
 .text.HAL_RCC_OscConfig
                0x0000000008001874      0x504 ./Drivers/STM32F1xx_HAL_Driver/Src/stm32f1xx_hal_rcc.o
                0x0000000008001874                HAL_RCC_OscConfig
 .text.HAL_RCC_ClockConfig
                0x0000000008001d78      0x1d4 ./Drivers/STM32F1xx_HAL_Driver/Src/stm32f1xx_hal_rcc.o
                0x0000000008001d78                HAL_RCC_ClockConfig
 .text.HAL_RCC_GetSysClockFreq
                0x0000000008001f4c       0xa8 ./Drivers/STM32F1xx_HAL_Driver/Src/stm32f1xx_hal_rcc.o
                0x0000000008001f4c                HAL_RCC_GetSysClockFreq
 .text.HAL_RCC_GetHCLKFreq
                0x0000000008001ff4       0x14 ./Drivers/STM32F1xx_HAL_Driver/Src/stm32f1xx_hal_rcc.o
                0x0000000008001ff4                HAL_RCC_GetHCLKFreq
 .text.HAL_RCC_GetPCLK1Freq
                0x0000000008002008       0x28 ./Drivers/STM32F1xx_HAL_Driver/Src/stm32f1xx_hal_rcc.o
                0x0000000008002008                HAL_RCC_GetPCLK1Freq
 .text.HAL_RCC_GetPCLK2Freq
                0x0000000008002030       0x28 ./Drivers/STM32F1xx_HAL_Driver/Src/stm32f1xx_hal_rcc.o
                0x0000000008002030                HAL_RCC_GetPCLK2Freq
 .text.RCC_Delay
                0x0000000008002058       0x3c ./Drivers/STM32F1xx_HAL_Driver/Src/stm32f1xx_hal_rcc.o
 .text.HAL_TIM_Base_Init
                0x0000000008002094       0x9e ./Drivers/STM32F1xx_HAL_Driver/Src/stm32f1xx_hal_tim.o
                0x0000000008002094                HAL_TIM_Base_Init
 .text.HAL_TIM_ConfigClockSource
                0x0000000008002132      0x18e ./Drivers/STM32F1xx_HAL_Driver/Src/stm32f1xx_hal_tim.o
                0x0000000008002132                HAL_TIM_ConfigClockSource
 .text.TIM_Base_SetConfig
                0x00000000080022c0       0xdc ./Drivers/STM32F1xx_HAL_Driver/Src/stm32f1xx_hal_tim.o
                0x00000000080022c0                TIM_Base_SetConfig
 .text.TIM_TI1_ConfigInputStage
                0x000000000800239c       0x5c ./Drivers/STM32F1xx_HAL_Driver/Src/stm32f1xx_hal_tim.o
 .text.TIM_TI2_ConfigInputStage
                0x00000000080023f8       0x5e ./Drivers/STM32F1xx_HAL_Driver/Src/stm32f1xx_hal_tim.o
 .text.TIM_ITRx_SetConfig
                0x0000000008002456       0x34 ./Drivers/STM32F1xx_HAL_Driver/Src/stm32f1xx_hal_tim.o
 .text.TIM_ETR_SetConfig
                0x000000000800248a       0x3e ./Drivers/STM32F1xx_HAL_Driver/Src/stm32f1xx_hal_tim.o
                0x000000000800248a                TIM_ETR_SetConfig
 .text.HAL_TIMEx_MasterConfigSynchronization
                0x00000000080024c8       0xbc ./Drivers/STM32F1xx_HAL_Driver/Src/stm32f1xx_hal_tim_ex.o
                0x00000000080024c8                HAL_TIMEx_MasterConfigSynchronization
 .text.HAL_UART_Init
                0x0000000008002584       0xa0 ./Drivers/STM32F1xx_HAL_Driver/Src/stm32f1xx_hal_uart.o
                0x0000000008002584                HAL_UART_Init
 .text.HAL_UART_Transmit_DMA
                0x0000000008002624       0xe0 ./Drivers/STM32F1xx_HAL_Driver/Src/stm32f1xx_hal_uart.o
                0x0000000008002624                HAL_UART_Transmit_DMA
 .text.HAL_UARTEx_ReceiveToIdle_DMA
                0x0000000008002704       0xb2 ./Drivers/STM32F1xx_HAL_Driver/Src/stm32f1xx_hal_uart.o
                0x0000000008002704                HAL_UARTEx_ReceiveToIdle_DMA
 *fill*         0x00000000080027b6        0x2 
 .text.HAL_UART_IRQHandler
                0x00000000080027b8      0x524 ./Drivers/STM32F1xx_HAL_Driver/Src/stm32f1xx_hal_uart.o
                0x00000000080027b8                HAL_UART_IRQHandler
 .text.HAL_UART_TxHalfCpltCallback
                0x0000000008002cdc       0x12 ./Drivers/STM32F1xx_HAL_Driver/Src/stm32f1xx_hal_uart.o
                0x0000000008002cdc                HAL_UART_TxHalfCpltCallback
 .text.HAL_UART_RxCpltCallback
                0x0000000008002cee       0x12 ./Drivers/STM32F1xx_HAL_Driver/Src/stm32f1xx_hal_uart.o
                0x0000000008002cee                HAL_UART_RxCpltCallback
 .text.HAL_UART_RxHalfCpltCallback
                0x0000000008002d00       0x12 ./Drivers/STM32F1xx_HAL_Driver/Src/stm32f1xx_hal_uart.o
                0x0000000008002d00                HAL_UART_RxHalfCpltCallback
 .text.HAL_UART_ErrorCallback
                0x0000000008002d12       0x12 ./Drivers/STM32F1xx_HAL_Driver/Src/stm32f1xx_hal_uart.o
                0x0000000008002d12                HAL_UART_ErrorCallback
 .text.UART_DMATransmitCplt
                0x0000000008002d24       0x9a ./Drivers/STM32F1xx_HAL_Driver/Src/stm32f1xx_hal_uart.o
 .text.UART_DMATxHalfCplt
                0x0000000008002dbe       0x1c ./Drivers/STM32F1xx_HAL_Driver/Src/stm32f1xx_hal_uart.o
 .text.UART_DMAReceiveCplt
                0x0000000008002dda      0x12c ./Drivers/STM32F1xx_HAL_Driver/Src/stm32f1xx_hal_uart.o
 .text.UART_DMARxHalfCplt
                0x0000000008002f06       0x3c ./Drivers/STM32F1xx_HAL_Driver/Src/stm32f1xx_hal_uart.o
 .text.UART_DMAError
                0x0000000008002f42       0x94 ./Drivers/STM32F1xx_HAL_Driver/Src/stm32f1xx_hal_uart.o
 *fill*         0x0000000008002fd6        0x2 
 .text.UART_Start_Receive_DMA
                0x0000000008002fd8      0x134 ./Drivers/STM32F1xx_HAL_Driver/Src/stm32f1xx_hal_uart.o
                0x0000000008002fd8                UART_Start_Receive_DMA
 .text.UART_EndTxTransfer
                0x000000000800310c       0x4e ./Drivers/STM32F1xx_HAL_Driver/Src/stm32f1xx_hal_uart.o
 .text.UART_EndRxTransfer
                0x000000000800315a       0xc4 ./Drivers/STM32F1xx_HAL_Driver/Src/stm32f1xx_hal_uart.o
 .text.UART_DMAAbortOnError
                0x000000000800321e       0x28 ./Drivers/STM32F1xx_HAL_Driver/Src/stm32f1xx_hal_uart.o
 .text.UART_Transmit_IT
                0x0000000008003246       0x9e ./Drivers/STM32F1xx_HAL_Driver/Src/stm32f1xx_hal_uart.o
 .text.UART_EndTransmit_IT
                0x00000000080032e4       0x30 ./Drivers/STM32F1xx_HAL_Driver/Src/stm32f1xx_hal_uart.o
 .text.UART_Receive_IT
                0x0000000008003314      0x17c ./Drivers/STM32F1xx_HAL_Driver/Src/stm32f1xx_hal_uart.o
 .text.UART_SetConfig
                0x0000000008003490      0x11c ./Drivers/STM32F1xx_HAL_Driver/Src/stm32f1xx_hal_uart.o
 .text.makeFreeRtosPriority
                0x00000000080035ac       0x2e ./Middlewares/Third_Party/FreeRTOS/Source/CMSIS_RTOS/cmsis_os.o
 .text.osKernelStart
                0x00000000080035da        0xe ./Middlewares/Third_Party/FreeRTOS/Source/CMSIS_RTOS/cmsis_os.o
                0x00000000080035da                osKernelStart
 .text.osThreadCreate
                0x00000000080035e8       0x98 ./Middlewares/Third_Party/FreeRTOS/Source/CMSIS_RTOS/cmsis_os.o
                0x00000000080035e8                osThreadCreate
 .text.osDelay  0x0000000008003680       0x28 ./Middlewares/Third_Party/FreeRTOS/Source/CMSIS_RTOS/cmsis_os.o
                0x0000000008003680                osDelay
 .text.vListInitialise
                0x00000000080036a8       0x3e ./Middlewares/Third_Party/FreeRTOS/Source/list.o
                0x00000000080036a8                vListInitialise
 .text.vListInitialiseItem
                0x00000000080036e6       0x18 ./Middlewares/Third_Party/FreeRTOS/Source/list.o
                0x00000000080036e6                vListInitialiseItem
 .text.vListInsertEnd
                0x00000000080036fe       0x46 ./Middlewares/Third_Party/FreeRTOS/Source/list.o
                0x00000000080036fe                vListInsertEnd
 .text.vListInsert
                0x0000000008003744       0x70 ./Middlewares/Third_Party/FreeRTOS/Source/list.o
                0x0000000008003744                vListInsert
 .text.uxListRemove
                0x00000000080037b4       0x52 ./Middlewares/Third_Party/FreeRTOS/Source/list.o
                0x00000000080037b4                uxListRemove
 .text.xTaskCreateStatic
                0x0000000008003806       0xba ./Middlewares/Third_Party/FreeRTOS/Source/tasks.o
                0x0000000008003806                xTaskCreateStatic
 .text.xTaskCreate
                0x00000000080038c0       0x8a ./Middlewares/Third_Party/FreeRTOS/Source/tasks.o
                0x00000000080038c0                xTaskCreate
 .text.prvInitialiseNewTask
                0x000000000800394a      0x10e ./Middlewares/Third_Party/FreeRTOS/Source/tasks.o
 .text.prvAddNewTaskToReadyList
                0x0000000008003a58       0xd4 ./Middlewares/Third_Party/FreeRTOS/Source/tasks.o
 .text.vTaskDelayUntil
                0x0000000008003b2c       0xfc ./Middlewares/Third_Party/FreeRTOS/Source/tasks.o
                0x0000000008003b2c                vTaskDelayUntil
 .text.vTaskDelay
                0x0000000008003c28       0x68 ./Middlewares/Third_Party/FreeRTOS/Source/tasks.o
                0x0000000008003c28                vTaskDelay
 .text.vTaskStartScheduler
                0x0000000008003c90       0xc0 ./Middlewares/Third_Party/FreeRTOS/Source/tasks.o
                0x0000000008003c90                vTaskStartScheduler
 .text.vTaskSuspendAll
                0x0000000008003d50       0x1c ./Middlewares/Third_Party/FreeRTOS/Source/tasks.o
                0x0000000008003d50                vTaskSuspendAll
 .text.xTaskResumeAll
                0x0000000008003d6c      0x138 ./Middlewares/Third_Party/FreeRTOS/Source/tasks.o
                0x0000000008003d6c                xTaskResumeAll
 .text.xTaskGetTickCount
                0x0000000008003ea4       0x1c ./Middlewares/Third_Party/FreeRTOS/Source/tasks.o
                0x0000000008003ea4                xTaskGetTickCount
 .text.xTaskIncrementTick
                0x0000000008003ec0      0x170 ./Middlewares/Third_Party/FreeRTOS/Source/tasks.o
                0x0000000008003ec0                xTaskIncrementTick
 .text.vTaskSwitchContext
                0x0000000008004030       0xb4 ./Middlewares/Third_Party/FreeRTOS/Source/tasks.o
                0x0000000008004030                vTaskSwitchContext
 .text.prvIdleTask
                0x00000000080040e4       0x30 ./Middlewares/Third_Party/FreeRTOS/Source/tasks.o
 .text.prvInitialiseTaskLists
                0x0000000008004114       0x80 ./Middlewares/Third_Party/FreeRTOS/Source/tasks.o
 .text.prvCheckTasksWaitingTermination
                0x0000000008004194       0x5c ./Middlewares/Third_Party/FreeRTOS/Source/tasks.o
 .text.prvDeleteTCB
                0x00000000080041f0       0x5e ./Middlewares/Third_Party/FreeRTOS/Source/tasks.o
 *fill*         0x000000000800424e        0x2 
 .text.prvResetNextTaskUnblockTime
                0x0000000008004250       0x40 ./Middlewares/Third_Party/FreeRTOS/Source/tasks.o
 .text.xTaskGetSchedulerState
                0x0000000008004290       0x3c ./Middlewares/Third_Party/FreeRTOS/Source/tasks.o
                0x0000000008004290                xTaskGetSchedulerState
 .text.prvAddCurrentTaskToDelayedList
                0x00000000080042cc       0xcc ./Middlewares/Third_Party/FreeRTOS/Source/tasks.o
 .text.pxPortInitialiseStack
                0x0000000008004398       0x58 ./Middlewares/Third_Party/FreeRTOS/Source/portable/GCC/ARM_CM3/port.o
                0x0000000008004398                pxPortInitialiseStack
 .text.prvTaskExitError
                0x00000000080043f0       0x58 ./Middlewares/Third_Party/FreeRTOS/Source/portable/GCC/ARM_CM3/port.o
 *fill*         0x0000000008004448        0x8 
 .text.SVC_Handler
                0x0000000008004450       0x28 ./Middlewares/Third_Party/FreeRTOS/Source/portable/GCC/ARM_CM3/port.o
                0x0000000008004450                SVC_Handler
 .text.prvPortStartFirstTask
                0x0000000008004478       0x20 ./Middlewares/Third_Party/FreeRTOS/Source/portable/GCC/ARM_CM3/port.o
 .text.xPortStartScheduler
                0x0000000008004498       0xe4 ./Middlewares/Third_Party/FreeRTOS/Source/portable/GCC/ARM_CM3/port.o
                0x0000000008004498                xPortStartScheduler
 .text.vPortEnterCritical
                0x000000000800457c       0x60 ./Middlewares/Third_Party/FreeRTOS/Source/portable/GCC/ARM_CM3/port.o
                0x000000000800457c                vPortEnterCritical
 .text.vPortExitCritical
                0x00000000080045dc       0x50 ./Middlewares/Third_Party/FreeRTOS/Source/portable/GCC/ARM_CM3/port.o
                0x00000000080045dc                vPortExitCritical
 *fill*         0x000000000800462c        0x4 
 .text.PendSV_Handler
                0x0000000008004630       0x48 ./Middlewares/Third_Party/FreeRTOS/Source/portable/GCC/ARM_CM3/port.o
                0x0000000008004630                PendSV_Handler
 .text.xPortSysTickHandler
                0x0000000008004678       0x44 ./Middlewares/Third_Party/FreeRTOS/Source/portable/GCC/ARM_CM3/port.o
                0x0000000008004678                xPortSysTickHandler
 .text.vPortSetupTimerInterrupt
                0x00000000080046bc       0x44 ./Middlewares/Third_Party/FreeRTOS/Source/portable/GCC/ARM_CM3/port.o
                0x00000000080046bc                vPortSetupTimerInterrupt
 .text.pvPortMalloc
                0x0000000008004700      0x198 ./Middlewares/Third_Party/FreeRTOS/Source/portable/MemMang/heap_4.o
                0x0000000008004700                pvPortMalloc
 .text.vPortFree
                0x0000000008004898       0xc4 ./Middlewares/Third_Party/FreeRTOS/Source/portable/MemMang/heap_4.o
                0x0000000008004898                vPortFree
 .text.prvHeapInit
                0x000000000800495c       0xc4 ./Middlewares/Third_Party/FreeRTOS/Source/portable/MemMang/heap_4.o
 .text.prvInsertBlockIntoFreeList
                0x0000000008004a20       0xb0 ./Middlewares/Third_Party/FreeRTOS/Source/portable/MemMang/heap_4.o
 .text.memcmp   0x0000000008004ad0       0x20 C:/ST/STM32CubeIDE_1.13.2/STM32CubeIDE/plugins/com.st.stm32cube.ide.mcu.externaltools.gnu-tools-for-stm32.11.3.rel1.win32_1.1.1.202309131626/tools/bin/../lib/gcc/arm-none-eabi/11.3.1/../../../../arm-none-eabi/lib/thumb/v7-m/nofp\libc_nano.a(libc_a-memcmp.o)
                0x0000000008004ad0                memcmp
 .text.memset   0x0000000008004af0       0x10 C:/ST/STM32CubeIDE_1.13.2/STM32CubeIDE/plugins/com.st.stm32cube.ide.mcu.externaltools.gnu-tools-for-stm32.11.3.rel1.win32_1.1.1.202309131626/tools/bin/../lib/gcc/arm-none-eabi/11.3.1/../../../../arm-none-eabi/lib/thumb/v7-m/nofp\libc_nano.a(libc_a-memset.o)
                0x0000000008004af0                memset
 .text.__libc_init_array
                0x0000000008004b00       0x48 C:/ST/STM32CubeIDE_1.13.2/STM32CubeIDE/plugins/com.st.stm32cube.ide.mcu.externaltools.gnu-tools-for-stm32.11.3.rel1.win32_1.1.1.202309131626/tools/bin/../lib/gcc/arm-none-eabi/11.3.1/../../../../arm-none-eabi/lib/thumb/v7-m/nofp\libc_nano.a(libc_a-init.o)
                0x0000000008004b00                __libc_init_array
 .text.memcpy   0x0000000008004b48       0x1c C:/ST/STM32CubeIDE_1.13.2/STM32CubeIDE/plugins/com.st.stm32cube.ide.mcu.externaltools.gnu-tools-for-stm32.11.3.rel1.win32_1.1.1.202309131626/tools/bin/../lib/gcc/arm-none-eabi/11.3.1/../../../../arm-none-eabi/lib/thumb/v7-m/nofp\libc_nano.a(libc_a-memcpy-stub.o)
                0x0000000008004b48                memcpy
 *(.glue_7)
 .glue_7        0x0000000008004b64        0x0 linker stubs
 *(.glue_7t)
 .glue_7t       0x0000000008004b64        0x0 linker stubs
 *(.eh_frame)
 .eh_frame      0x0000000008004b64        0x0 C:/ST/STM32CubeIDE_1.13.2/STM32CubeIDE/plugins/com.st.stm32cube.ide.mcu.externaltools.gnu-tools-for-stm32.11.3.rel1.win32_1.1.1.202309131626/tools/bin/../lib/gcc/arm-none-eabi/11.3.1/thumb/v7-m/nofp/crtbegin.o
 *(.init)
 .init          0x0000000008004b64        0x4 C:/ST/STM32CubeIDE_1.13.2/STM32CubeIDE/plugins/com.st.stm32cube.ide.mcu.externaltools.gnu-tools-for-stm32.11.3.rel1.win32_1.1.1.202309131626/tools/bin/../lib/gcc/arm-none-eabi/11.3.1/thumb/v7-m/nofp/crti.o
                0x0000000008004b64                _init
 .init          0x0000000008004b68        0x8 C:/ST/STM32CubeIDE_1.13.2/STM32CubeIDE/plugins/com.st.stm32cube.ide.mcu.externaltools.gnu-tools-for-stm32.11.3.rel1.win32_1.1.1.202309131626/tools/bin/../lib/gcc/arm-none-eabi/11.3.1/thumb/v7-m/nofp/crtn.o
 *(.fini)
 .fini          0x0000000008004b70        0x4 C:/ST/STM32CubeIDE_1.13.2/STM32CubeIDE/plugins/com.st.stm32cube.ide.mcu.externaltools.gnu-tools-for-stm32.11.3.rel1.win32_1.1.1.202309131626/tools/bin/../lib/gcc/arm-none-eabi/11.3.1/thumb/v7-m/nofp/crti.o
                0x0000000008004b70                _fini
 .fini          0x0000000008004b74        0x8 C:/ST/STM32CubeIDE_1.13.2/STM32CubeIDE/plugins/com.st.stm32cube.ide.mcu.externaltools.gnu-tools-for-stm32.11.3.rel1.win32_1.1.1.202309131626/tools/bin/../lib/gcc/arm-none-eabi/11.3.1/thumb/v7-m/nofp/crtn.o
                0x0000000008004b7c                . = ALIGN (0x4)
                0x0000000008004b7c                _etext = .

.vfp11_veneer   0x0000000008004b7c        0x0
 .vfp11_veneer  0x0000000008004b7c        0x0 linker stubs

.v4_bx          0x0000000008004b7c        0x0
 .v4_bx         0x0000000008004b7c        0x0 linker stubs

.iplt           0x0000000008004b7c        0x0
 .iplt          0x0000000008004b7c        0x0 C:/ST/STM32CubeIDE_1.13.2/STM32CubeIDE/plugins/com.st.stm32cube.ide.mcu.externaltools.gnu-tools-for-stm32.11.3.rel1.win32_1.1.1.202309131626/tools/bin/../lib/gcc/arm-none-eabi/11.3.1/thumb/v7-m/nofp/crtbegin.o

.rodata         0x0000000008004b7c       0xa0
                0x0000000008004b7c                . = ALIGN (0x4)
 *(.rodata)
 .rodata        0x0000000008004b7c       0x69 ./Core/Src/main.o
 *fill*         0x0000000008004be5        0x3 
 .rodata        0x0000000008004be8        0x5 ./Middlewares/Third_Party/FreeRTOS/Source/tasks.o
 *(.rodata*)
 *fill*         0x0000000008004bed        0x3 
 .rodata.AHBPrescTable
                0x0000000008004bf0       0x10 ./Core/Src/system_stm32f1xx.o
                0x0000000008004bf0                AHBPrescTable
 .rodata.APBPrescTable
                0x0000000008004c00        0x8 ./Core/Src/system_stm32f1xx.o
                0x0000000008004c00                APBPrescTable
 .rodata.aPLLMULFactorTable.1
                0x0000000008004c08       0x10 ./Drivers/STM32F1xx_HAL_Driver/Src/stm32f1xx_hal_rcc.o
 .rodata.aPredivFactorTable.0
                0x0000000008004c18        0x2 ./Drivers/STM32F1xx_HAL_Driver/Src/stm32f1xx_hal_rcc.o
                0x0000000008004c1c                . = ALIGN (0x4)
 *fill*         0x0000000008004c1a        0x2 

.rel.dyn        0x0000000008004c1c        0x0
 .rel.iplt      0x0000000008004c1c        0x0 C:/ST/STM32CubeIDE_1.13.2/STM32CubeIDE/plugins/com.st.stm32cube.ide.mcu.externaltools.gnu-tools-for-stm32.11.3.rel1.win32_1.1.1.202309131626/tools/bin/../lib/gcc/arm-none-eabi/11.3.1/thumb/v7-m/nofp/crtbegin.o

.ARM.extab      0x0000000008004c1c        0x0
                0x0000000008004c1c                . = ALIGN (0x4)
 *(.ARM.extab* .gnu.linkonce.armextab.*)
                0x0000000008004c1c                . = ALIGN (0x4)

.ARM            0x0000000008004c1c        0x0
                0x0000000008004c1c                . = ALIGN (0x4)
                0x0000000008004c1c                __exidx_start = .
 *(.ARM.exidx*)
                0x0000000008004c1c                __exidx_end = .
                0x0000000008004c1c                . = ALIGN (0x4)

.preinit_array  0x0000000008004c1c        0x0
                0x0000000008004c1c                . = ALIGN (0x4)
                0x0000000008004c1c                PROVIDE (__preinit_array_start = .)
 *(.preinit_array*)
                0x0000000008004c1c                PROVIDE (__preinit_array_end = .)
                0x0000000008004c1c                . = ALIGN (0x4)

.init_array     0x0000000008004c1c        0x4
                0x0000000008004c1c                . = ALIGN (0x4)
                0x0000000008004c1c                PROVIDE (__init_array_start = .)
 *(SORT_BY_NAME(.init_array.*))
 *(.init_array*)
 .init_array    0x0000000008004c1c        0x4 C:/ST/STM32CubeIDE_1.13.2/STM32CubeIDE/plugins/com.st.stm32cube.ide.mcu.externaltools.gnu-tools-for-stm32.11.3.rel1.win32_1.1.1.202309131626/tools/bin/../lib/gcc/arm-none-eabi/11.3.1/thumb/v7-m/nofp/crtbegin.o
                0x0000000008004c20                PROVIDE (__init_array_end = .)
                0x0000000008004c20                . = ALIGN (0x4)

.fini_array     0x0000000008004c20        0x4
                0x0000000008004c20                . = ALIGN (0x4)
                [!provide]                        PROVIDE (__fini_array_start = .)
 *(SORT_BY_NAME(.fini_array.*))
 *(.fini_array*)
 .fini_array    0x0000000008004c20        0x4 C:/ST/STM32CubeIDE_1.13.2/STM32CubeIDE/plugins/com.st.stm32cube.ide.mcu.externaltools.gnu-tools-for-stm32.11.3.rel1.win32_1.1.1.202309131626/tools/bin/../lib/gcc/arm-none-eabi/11.3.1/thumb/v7-m/nofp/crtbegin.o
                [!provide]                        PROVIDE (__fini_array_end = .)
                0x0000000008004c24                . = ALIGN (0x4)
                0x0000000008004c24                _sidata = LOADADDR (.data)

.data           0x0000000020000000       0x10 load address 0x0000000008004c24
                0x0000000020000000                . = ALIGN (0x4)
                0x0000000020000000                _sdata = .
 *(.data)
 *(.data*)
 .data.SystemCoreClock
                0x0000000020000000        0x4 ./Core/Src/system_stm32f1xx.o
                0x0000000020000000                SystemCoreClock
 .data.uwTickPrio
                0x0000000020000004        0x4 ./Drivers/STM32F1xx_HAL_Driver/Src/stm32f1xx_hal.o
                0x0000000020000004                uwTickPrio
 .data.uwTickFreq
                0x0000000020000008        0x1 ./Drivers/STM32F1xx_HAL_Driver/Src/stm32f1xx_hal.o
                0x0000000020000008                uwTickFreq
 *fill*         0x0000000020000009        0x3 
 .data.uxCriticalNesting
                0x000000002000000c        0x4 ./Middlewares/Third_Party/FreeRTOS/Source/portable/GCC/ARM_CM3/port.o
 *(.RamFunc)
 *(.RamFunc*)
                0x0000000020000010                . = ALIGN (0x4)
                0x0000000020000010                _edata = .

.igot.plt       0x0000000020000010        0x0 load address 0x0000000008004c34
 .igot.plt      0x0000000020000010        0x0 C:/ST/STM32CubeIDE_1.13.2/STM32CubeIDE/plugins/com.st.stm32cube.ide.mcu.externaltools.gnu-tools-for-stm32.11.3.rel1.win32_1.1.1.202309131626/tools/bin/../lib/gcc/arm-none-eabi/11.3.1/thumb/v7-m/nofp/crtbegin.o
                0x0000000020000010                . = ALIGN (0x4)

.bss            0x0000000020000010     0x1d88 load address 0x0000000008004c34
                0x0000000020000010                _sbss = .
                0x0000000020000010                __bss_start__ = _sbss
 *(.bss)
 .bss           0x0000000020000010       0x1c C:/ST/STM32CubeIDE_1.13.2/STM32CubeIDE/plugins/com.st.stm32cube.ide.mcu.externaltools.gnu-tools-for-stm32.11.3.rel1.win32_1.1.1.202309131626/tools/bin/../lib/gcc/arm-none-eabi/11.3.1/thumb/v7-m/nofp/crtbegin.o
 *(.bss*)
 .bss.hE22      0x000000002000002c      0xab8 ./Core/Src/e22900t22d.o
                0x000000002000002c                hE22
 .bss.rxDmaBuffer
                0x0000000020000ae4       0xf0 ./Core/Src/e22900t22d.o
                0x0000000020000ae4                rxDmaBuffer
 .bss.txDmaBuffer
                0x0000000020000bd4       0xf0 ./Core/Src/e22900t22d.o
                0x0000000020000bd4                txDmaBuffer
 .bss.xIdleTaskTCBBuffer
                0x0000000020000cc4       0x54 ./Core/Src/freertos.o
 .bss.xIdleStack
                0x0000000020000d18      0x200 ./Core/Src/freertos.o
 .bss.htim2     0x0000000020000f18       0x48 ./Core/Src/main.o
                0x0000000020000f18                htim2
 .bss.huart1    0x0000000020000f60       0x48 ./Core/Src/main.o
                0x0000000020000f60                huart1
 .bss.hdma_usart1_rx
                0x0000000020000fa8       0x44 ./Core/Src/main.o
                0x0000000020000fa8                hdma_usart1_rx
 .bss.hdma_usart1_tx
                0x0000000020000fec       0x44 ./Core/Src/main.o
                0x0000000020000fec                hdma_usart1_tx
 .bss.defaultTaskHandle
                0x0000000020001030        0x4 ./Core/Src/main.o
                0x0000000020001030                defaultTaskHandle
 .bss.xLastWakeTime.2
                0x0000000020001034        0x4 ./Core/Src/main.o
 .bss.xLastWakeTime.1
                0x0000000020001038        0x4 ./Core/Src/main.o
 .bss.xLastWakeTime.0
                0x000000002000103c        0x4 ./Core/Src/main.o
 .bss.uwTick    0x0000000020001040        0x4 ./Drivers/STM32F1xx_HAL_Driver/Src/stm32f1xx_hal.o
                0x0000000020001040                uwTick
 .bss.pxCurrentTCB
                0x0000000020001044        0x4 ./Middlewares/Third_Party/FreeRTOS/Source/tasks.o
                0x0000000020001044                pxCurrentTCB
 .bss.pxReadyTasksLists
                0x0000000020001048       0x8c ./Middlewares/Third_Party/FreeRTOS/Source/tasks.o
 .bss.xDelayedTaskList1
                0x00000000200010d4       0x14 ./Middlewares/Third_Party/FreeRTOS/Source/tasks.o
 .bss.xDelayedTaskList2
                0x00000000200010e8       0x14 ./Middlewares/Third_Party/FreeRTOS/Source/tasks.o
 .bss.pxDelayedTaskList
                0x00000000200010fc        0x4 ./Middlewares/Third_Party/FreeRTOS/Source/tasks.o
 .bss.pxOverflowDelayedTaskList
                0x0000000020001100        0x4 ./Middlewares/Third_Party/FreeRTOS/Source/tasks.o
 .bss.xPendingReadyList
                0x0000000020001104       0x14 ./Middlewares/Third_Party/FreeRTOS/Source/tasks.o
 .bss.xTasksWaitingTermination
                0x0000000020001118       0x14 ./Middlewares/Third_Party/FreeRTOS/Source/tasks.o
 .bss.uxDeletedTasksWaitingCleanUp
                0x000000002000112c        0x4 ./Middlewares/Third_Party/FreeRTOS/Source/tasks.o
 .bss.xSuspendedTaskList
                0x0000000020001130       0x14 ./Middlewares/Third_Party/FreeRTOS/Source/tasks.o
 .bss.uxCurrentNumberOfTasks
                0x0000000020001144        0x4 ./Middlewares/Third_Party/FreeRTOS/Source/tasks.o
 .bss.xTickCount
                0x0000000020001148        0x4 ./Middlewares/Third_Party/FreeRTOS/Source/tasks.o
 .bss.uxTopReadyPriority
                0x000000002000114c        0x4 ./Middlewares/Third_Party/FreeRTOS/Source/tasks.o
 .bss.xSchedulerRunning
                0x0000000020001150        0x4 ./Middlewares/Third_Party/FreeRTOS/Source/tasks.o
 .bss.xPendedTicks
                0x0000000020001154        0x4 ./Middlewares/Third_Party/FreeRTOS/Source/tasks.o
 .bss.xYieldPending
                0x0000000020001158        0x4 ./Middlewares/Third_Party/FreeRTOS/Source/tasks.o
 .bss.xNumOfOverflows
                0x000000002000115c        0x4 ./Middlewares/Third_Party/FreeRTOS/Source/tasks.o
 .bss.uxTaskNumber
                0x0000000020001160        0x4 ./Middlewares/Third_Party/FreeRTOS/Source/tasks.o
 .bss.xNextTaskUnblockTime
                0x0000000020001164        0x4 ./Middlewares/Third_Party/FreeRTOS/Source/tasks.o
 .bss.xIdleTaskHandle
                0x0000000020001168        0x4 ./Middlewares/Third_Party/FreeRTOS/Source/tasks.o
 .bss.uxSchedulerSuspended
                0x000000002000116c        0x4 ./Middlewares/Third_Party/FreeRTOS/Source/tasks.o
 .bss.ucMaxSysCallPriority
                0x0000000020001170        0x1 ./Middlewares/Third_Party/FreeRTOS/Source/portable/GCC/ARM_CM3/port.o
 *fill*         0x0000000020001171        0x3 
 .bss.ulMaxPRIGROUPValue
                0x0000000020001174        0x4 ./Middlewares/Third_Party/FreeRTOS/Source/portable/GCC/ARM_CM3/port.o
 .bss.ucHeap    0x0000000020001178      0xc00 ./Middlewares/Third_Party/FreeRTOS/Source/portable/MemMang/heap_4.o
 .bss.xStart    0x0000000020001d78        0x8 ./Middlewares/Third_Party/FreeRTOS/Source/portable/MemMang/heap_4.o
 .bss.pxEnd     0x0000000020001d80        0x4 ./Middlewares/Third_Party/FreeRTOS/Source/portable/MemMang/heap_4.o
 .bss.xFreeBytesRemaining
                0x0000000020001d84        0x4 ./Middlewares/Third_Party/FreeRTOS/Source/portable/MemMang/heap_4.o
 .bss.xMinimumEverFreeBytesRemaining
                0x0000000020001d88        0x4 ./Middlewares/Third_Party/FreeRTOS/Source/portable/MemMang/heap_4.o
 .bss.xNumberOfSuccessfulAllocations
                0x0000000020001d8c        0x4 ./Middlewares/Third_Party/FreeRTOS/Source/portable/MemMang/heap_4.o
 .bss.xNumberOfSuccessfulFrees
                0x0000000020001d90        0x4 ./Middlewares/Third_Party/FreeRTOS/Source/portable/MemMang/heap_4.o
 .bss.xBlockAllocatedBit
                0x0000000020001d94        0x4 ./Middlewares/Third_Party/FreeRTOS/Source/portable/MemMang/heap_4.o
 *(COMMON)
                0x0000000020001d98                . = ALIGN (0x4)
                0x0000000020001d98                _ebss = .
                0x0000000020001d98                __bss_end__ = _ebss

._user_heap_stack
                0x0000000020001d98      0x600 load address 0x0000000008004c34
                0x0000000020001d98                . = ALIGN (0x8)
                [!provide]                        PROVIDE (end = .)
                0x0000000020001d98                PROVIDE (_end = .)
                0x0000000020001f98                . = (. + _Min_Heap_Size)
 *fill*         0x0000000020001d98      0x200 
                0x0000000020002398                . = (. + _Min_Stack_Size)
 *fill*         0x0000000020001f98      0x400 
                0x0000000020002398                . = ALIGN (0x8)

/DISCARD/
 libc.a(*)
 libm.a(*)
 libgcc.a(*)

.ARM.attributes
                0x0000000000000000       0x29
 *(.ARM.attributes)
 .ARM.attributes
                0x0000000000000000       0x1d C:/ST/STM32CubeIDE_1.13.2/STM32CubeIDE/plugins/com.st.stm32cube.ide.mcu.externaltools.gnu-tools-for-stm32.11.3.rel1.win32_1.1.1.202309131626/tools/bin/../lib/gcc/arm-none-eabi/11.3.1/thumb/v7-m/nofp/crti.o
 .ARM.attributes
                0x000000000000001d       0x2d C:/ST/STM32CubeIDE_1.13.2/STM32CubeIDE/plugins/com.st.stm32cube.ide.mcu.externaltools.gnu-tools-for-stm32.11.3.rel1.win32_1.1.1.202309131626/tools/bin/../lib/gcc/arm-none-eabi/11.3.1/thumb/v7-m/nofp/crtbegin.o
 .ARM.attributes
                0x000000000000004a       0x2d ./Core/Src/circ_buffer.o
 .ARM.attributes
                0x0000000000000077       0x2d ./Core/Src/e22900t22d.o
 .ARM.attributes
                0x00000000000000a4       0x2d ./Core/Src/freertos.o
 .ARM.attributes
                0x00000000000000d1       0x2d ./Core/Src/main.o
 .ARM.attributes
                0x00000000000000fe       0x2d ./Core/Src/stm32f1xx_hal_msp.o
 .ARM.attributes
                0x000000000000012b       0x2d ./Core/Src/stm32f1xx_it.o
 .ARM.attributes
                0x0000000000000158       0x2d ./Core/Src/system_stm32f1xx.o
 .ARM.attributes
                0x0000000000000185       0x21 ./Core/Startup/startup_stm32f103rbtx.o
 .ARM.attributes
                0x00000000000001a6       0x2d ./Drivers/STM32F1xx_HAL_Driver/Src/stm32f1xx_hal.o
 .ARM.attributes
                0x00000000000001d3       0x2d ./Drivers/STM32F1xx_HAL_Driver/Src/stm32f1xx_hal_cortex.o
 .ARM.attributes
                0x0000000000000200       0x2d ./Drivers/STM32F1xx_HAL_Driver/Src/stm32f1xx_hal_dma.o
 .ARM.attributes
                0x000000000000022d       0x2d ./Drivers/STM32F1xx_HAL_Driver/Src/stm32f1xx_hal_gpio.o
 .ARM.attributes
                0x000000000000025a       0x2d ./Drivers/STM32F1xx_HAL_Driver/Src/stm32f1xx_hal_rcc.o
 .ARM.attributes
                0x0000000000000287       0x2d ./Drivers/STM32F1xx_HAL_Driver/Src/stm32f1xx_hal_tim.o
 .ARM.attributes
                0x00000000000002b4       0x2d ./Drivers/STM32F1xx_HAL_Driver/Src/stm32f1xx_hal_tim_ex.o
 .ARM.attributes
                0x00000000000002e1       0x2d ./Drivers/STM32F1xx_HAL_Driver/Src/stm32f1xx_hal_uart.o
 .ARM.attributes
                0x000000000000030e       0x2d ./Middlewares/Third_Party/FreeRTOS/Source/CMSIS_RTOS/cmsis_os.o
 .ARM.attributes
                0x000000000000033b       0x2d ./Middlewares/Third_Party/FreeRTOS/Source/list.o
 .ARM.attributes
                0x0000000000000368       0x2d ./Middlewares/Third_Party/FreeRTOS/Source/tasks.o
 .ARM.attributes
                0x0000000000000395       0x2d ./Middlewares/Third_Party/FreeRTOS/Source/portable/GCC/ARM_CM3/port.o
 .ARM.attributes
                0x00000000000003c2       0x2d ./Middlewares/Third_Party/FreeRTOS/Source/portable/MemMang/heap_4.o
 .ARM.attributes
                0x00000000000003ef       0x2d C:/ST/STM32CubeIDE_1.13.2/STM32CubeIDE/plugins/com.st.stm32cube.ide.mcu.externaltools.gnu-tools-for-stm32.11.3.rel1.win32_1.1.1.202309131626/tools/bin/../lib/gcc/arm-none-eabi/11.3.1/../../../../arm-none-eabi/lib/thumb/v7-m/nofp\libc_nano.a(libc_a-memcmp.o)
 .ARM.attributes
                0x000000000000041c       0x2d C:/ST/STM32CubeIDE_1.13.2/STM32CubeIDE/plugins/com.st.stm32cube.ide.mcu.externaltools.gnu-tools-for-stm32.11.3.rel1.win32_1.1.1.202309131626/tools/bin/../lib/gcc/arm-none-eabi/11.3.1/../../../../arm-none-eabi/lib/thumb/v7-m/nofp\libc_nano.a(libc_a-memset.o)
 .ARM.attributes
                0x0000000000000449       0x2d C:/ST/STM32CubeIDE_1.13.2/STM32CubeIDE/plugins/com.st.stm32cube.ide.mcu.externaltools.gnu-tools-for-stm32.11.3.rel1.win32_1.1.1.202309131626/tools/bin/../lib/gcc/arm-none-eabi/11.3.1/../../../../arm-none-eabi/lib/thumb/v7-m/nofp\libc_nano.a(libc_a-init.o)
 .ARM.attributes
                0x0000000000000476       0x2d C:/ST/STM32CubeIDE_1.13.2/STM32CubeIDE/plugins/com.st.stm32cube.ide.mcu.externaltools.gnu-tools-for-stm32.11.3.rel1.win32_1.1.1.202309131626/tools/bin/../lib/gcc/arm-none-eabi/11.3.1/../../../../arm-none-eabi/lib/thumb/v7-m/nofp\libc_nano.a(libc_a-memcpy-stub.o)
 .ARM.attributes
                0x00000000000004a3       0x1d C:/ST/STM32CubeIDE_1.13.2/STM32CubeIDE/plugins/com.st.stm32cube.ide.mcu.externaltools.gnu-tools-for-stm32.11.3.rel1.win32_1.1.1.202309131626/tools/bin/../lib/gcc/arm-none-eabi/11.3.1/thumb/v7-m/nofp/crtn.o
OUTPUT(lora_deneme_f103.elf elf32-littlearm)
LOAD linker stubs
LOAD C:/ST/STM32CubeIDE_1.13.2/STM32CubeIDE/plugins/com.st.stm32cube.ide.mcu.externaltools.gnu-tools-for-stm32.11.3.rel1.win32_1.1.1.202309131626/tools/bin/../lib/gcc/arm-none-eabi/11.3.1/../../../../arm-none-eabi/lib/thumb/v7-m/nofp\libc.a
LOAD C:/ST/STM32CubeIDE_1.13.2/STM32CubeIDE/plugins/com.st.stm32cube.ide.mcu.externaltools.gnu-tools-for-stm32.11.3.rel1.win32_1.1.1.202309131626/tools/bin/../lib/gcc/arm-none-eabi/11.3.1/../../../../arm-none-eabi/lib/thumb/v7-m/nofp\libm.a
LOAD C:/ST/STM32CubeIDE_1.13.2/STM32CubeIDE/plugins/com.st.stm32cube.ide.mcu.externaltools.gnu-tools-for-stm32.11.3.rel1.win32_1.1.1.202309131626/tools/bin/../lib/gcc/arm-none-eabi/11.3.1/thumb/v7-m/nofp\libgcc.a

.comment        0x0000000000000000       0x43
 .comment       0x0000000000000000       0x43 C:/ST/STM32CubeIDE_1.13.2/STM32CubeIDE/plugins/com.st.stm32cube.ide.mcu.externaltools.gnu-tools-for-stm32.11.3.rel1.win32_1.1.1.202309131626/tools/bin/../lib/gcc/arm-none-eabi/11.3.1/thumb/v7-m/nofp/crtbegin.o
                                         0x44 (size before relaxing)
 .comment       0x0000000000000043       0x44 ./Core/Src/circ_buffer.o
 .comment       0x0000000000000043       0x44 ./Core/Src/e22900t22d.o
 .comment       0x0000000000000043       0x44 ./Core/Src/freertos.o
 .comment       0x0000000000000043       0x44 ./Core/Src/main.o
 .comment       0x0000000000000043       0x44 ./Core/Src/stm32f1xx_hal_msp.o
 .comment       0x0000000000000043       0x44 ./Core/Src/stm32f1xx_it.o
 .comment       0x0000000000000043       0x44 ./Core/Src/system_stm32f1xx.o
 .comment       0x0000000000000043       0x44 ./Drivers/STM32F1xx_HAL_Driver/Src/stm32f1xx_hal.o
 .comment       0x0000000000000043       0x44 ./Drivers/STM32F1xx_HAL_Driver/Src/stm32f1xx_hal_cortex.o
 .comment       0x0000000000000043       0x44 ./Drivers/STM32F1xx_HAL_Driver/Src/stm32f1xx_hal_dma.o
 .comment       0x0000000000000043       0x44 ./Drivers/STM32F1xx_HAL_Driver/Src/stm32f1xx_hal_gpio.o
 .comment       0x0000000000000043       0x44 ./Drivers/STM32F1xx_HAL_Driver/Src/stm32f1xx_hal_rcc.o
 .comment       0x0000000000000043       0x44 ./Drivers/STM32F1xx_HAL_Driver/Src/stm32f1xx_hal_tim.o
 .comment       0x0000000000000043       0x44 ./Drivers/STM32F1xx_HAL_Driver/Src/stm32f1xx_hal_tim_ex.o
 .comment       0x0000000000000043       0x44 ./Drivers/STM32F1xx_HAL_Driver/Src/stm32f1xx_hal_uart.o
 .comment       0x0000000000000043       0x44 ./Middlewares/Third_Party/FreeRTOS/Source/CMSIS_RTOS/cmsis_os.o
 .comment       0x0000000000000043       0x44 ./Middlewares/Third_Party/FreeRTOS/Source/list.o
 .comment       0x0000000000000043       0x44 ./Middlewares/Third_Party/FreeRTOS/Source/tasks.o
 .comment       0x0000000000000043       0x44 ./Middlewares/Third_Party/FreeRTOS/Source/portable/GCC/ARM_CM3/port.o
 .comment       0x0000000000000043       0x44 ./Middlewares/Third_Party/FreeRTOS/Source/portable/MemMang/heap_4.o

.debug_info     0x0000000000000000    0x10eca
 .debug_info    0x0000000000000000      0x266 ./Core/Src/circ_buffer.o
 .debug_info    0x0000000000000266      0x4cb ./Core/Src/e22900t22d.o
 .debug_info    0x0000000000000731      0x279 ./Core/Src/freertos.o
 .debug_info    0x00000000000009aa     0x16fd ./Core/Src/main.o
 .debug_info    0x00000000000020a7      0xda4 ./Core/Src/stm32f1xx_hal_msp.o
 .debug_info    0x0000000000002e4b      0x65b ./Core/Src/stm32f1xx_it.o
 .debug_info    0x00000000000034a6      0x222 ./Core/Src/system_stm32f1xx.o
 .debug_info    0x00000000000036c8       0x23 ./Core/Startup/startup_stm32f103rbtx.o
 .debug_info    0x00000000000036eb      0x704 ./Drivers/STM32F1xx_HAL_Driver/Src/stm32f1xx_hal.o
 .debug_info    0x0000000000003def      0xa87 ./Drivers/STM32F1xx_HAL_Driver/Src/stm32f1xx_hal_cortex.o
 .debug_info    0x0000000000004876      0x6d2 ./Drivers/STM32F1xx_HAL_Driver/Src/stm32f1xx_hal_dma.o
 .debug_info    0x0000000000004f48      0x5ab ./Drivers/STM32F1xx_HAL_Driver/Src/stm32f1xx_hal_gpio.o
 .debug_info    0x00000000000054f3      0x7d5 ./Drivers/STM32F1xx_HAL_Driver/Src/stm32f1xx_hal_rcc.o
 .debug_info    0x0000000000005cc8     0x2959 ./Drivers/STM32F1xx_HAL_Driver/Src/stm32f1xx_hal_tim.o
 .debug_info    0x0000000000008621     0x149b ./Drivers/STM32F1xx_HAL_Driver/Src/stm32f1xx_hal_tim_ex.o
 .debug_info    0x0000000000009abc     0x2eed ./Drivers/STM32F1xx_HAL_Driver/Src/stm32f1xx_hal_uart.o
 .debug_info    0x000000000000c9a9     0x1b90 ./Middlewares/Third_Party/FreeRTOS/Source/CMSIS_RTOS/cmsis_os.o
 .debug_info    0x000000000000e539      0x2af ./Middlewares/Third_Party/FreeRTOS/Source/list.o
 .debug_info    0x000000000000e7e8     0x1d79 ./Middlewares/Third_Party/FreeRTOS/Source/tasks.o
 .debug_info    0x0000000000010561      0x494 ./Middlewares/Third_Party/FreeRTOS/Source/portable/GCC/ARM_CM3/port.o
 .debug_info    0x00000000000109f5      0x4d5 ./Middlewares/Third_Party/FreeRTOS/Source/portable/MemMang/heap_4.o

.debug_abbrev   0x0000000000000000     0x2c10
 .debug_abbrev  0x0000000000000000      0x14a ./Core/Src/circ_buffer.o
 .debug_abbrev  0x000000000000014a      0x186 ./Core/Src/e22900t22d.o
 .debug_abbrev  0x00000000000002d0       0xd2 ./Core/Src/freertos.o
 .debug_abbrev  0x00000000000003a2      0x351 ./Core/Src/main.o
 .debug_abbrev  0x00000000000006f3      0x23b ./Core/Src/stm32f1xx_hal_msp.o
 .debug_abbrev  0x000000000000092e      0x1b5 ./Core/Src/stm32f1xx_it.o
 .debug_abbrev  0x0000000000000ae3      0x13f ./Core/Src/system_stm32f1xx.o
 .debug_abbrev  0x0000000000000c22       0x12 ./Core/Startup/startup_stm32f103rbtx.o
 .debug_abbrev  0x0000000000000c34      0x201 ./Drivers/STM32F1xx_HAL_Driver/Src/stm32f1xx_hal.o
 .debug_abbrev  0x0000000000000e35      0x2f8 ./Drivers/STM32F1xx_HAL_Driver/Src/stm32f1xx_hal_cortex.o
 .debug_abbrev  0x000000000000112d      0x20b ./Drivers/STM32F1xx_HAL_Driver/Src/stm32f1xx_hal_dma.o
 .debug_abbrev  0x0000000000001338      0x1ca ./Drivers/STM32F1xx_HAL_Driver/Src/stm32f1xx_hal_gpio.o
 .debug_abbrev  0x0000000000001502      0x2b3 ./Drivers/STM32F1xx_HAL_Driver/Src/stm32f1xx_hal_rcc.o
 .debug_abbrev  0x00000000000017b5      0x277 ./Drivers/STM32F1xx_HAL_Driver/Src/stm32f1xx_hal_tim.o
 .debug_abbrev  0x0000000000001a2c      0x282 ./Drivers/STM32F1xx_HAL_Driver/Src/stm32f1xx_hal_tim_ex.o
 .debug_abbrev  0x0000000000001cae      0x2f8 ./Drivers/STM32F1xx_HAL_Driver/Src/stm32f1xx_hal_uart.o
 .debug_abbrev  0x0000000000001fa6      0x3a7 ./Middlewares/Third_Party/FreeRTOS/Source/CMSIS_RTOS/cmsis_os.o
 .debug_abbrev  0x000000000000234d       0xf5 ./Middlewares/Third_Party/FreeRTOS/Source/list.o
 .debug_abbrev  0x0000000000002442      0x359 ./Middlewares/Third_Party/FreeRTOS/Source/tasks.o
 .debug_abbrev  0x000000000000279b      0x258 ./Middlewares/Third_Party/FreeRTOS/Source/portable/GCC/ARM_CM3/port.o
 .debug_abbrev  0x00000000000029f3      0x21d ./Middlewares/Third_Party/FreeRTOS/Source/portable/MemMang/heap_4.o

.debug_aranges  0x0000000000000000     0x1178
 .debug_aranges
                0x0000000000000000       0x48 ./Core/Src/circ_buffer.o
 .debug_aranges
                0x0000000000000048       0x48 ./Core/Src/e22900t22d.o
 .debug_aranges
                0x0000000000000090       0x20 ./Core/Src/freertos.o
 .debug_aranges
                0x00000000000000b0       0x98 ./Core/Src/main.o
 .debug_aranges
                0x0000000000000148       0x40 ./Core/Src/stm32f1xx_hal_msp.o
 .debug_aranges
                0x0000000000000188       0x70 ./Core/Src/stm32f1xx_it.o
 .debug_aranges
                0x00000000000001f8       0x28 ./Core/Src/system_stm32f1xx.o
 .debug_aranges
                0x0000000000000220       0x28 ./Core/Startup/startup_stm32f103rbtx.o
 .debug_aranges
                0x0000000000000248       0xe0 ./Drivers/STM32F1xx_HAL_Driver/Src/stm32f1xx_hal.o
 .debug_aranges
                0x0000000000000328      0x100 ./Drivers/STM32F1xx_HAL_Driver/Src/stm32f1xx_hal_cortex.o
 .debug_aranges
                0x0000000000000428       0x80 ./Drivers/STM32F1xx_HAL_Driver/Src/stm32f1xx_hal_dma.o
 .debug_aranges
                0x00000000000004a8       0x58 ./Drivers/STM32F1xx_HAL_Driver/Src/stm32f1xx_hal_gpio.o
 .debug_aranges
                0x0000000000000500       0x90 ./Drivers/STM32F1xx_HAL_Driver/Src/stm32f1xx_hal_rcc.o
 .debug_aranges
                0x0000000000000590      0x3d0 ./Drivers/STM32F1xx_HAL_Driver/Src/stm32f1xx_hal_tim.o
 .debug_aranges
                0x0000000000000960      0x168 ./Drivers/STM32F1xx_HAL_Driver/Src/stm32f1xx_hal_tim_ex.o
 .debug_aranges
                0x0000000000000ac8      0x208 ./Drivers/STM32F1xx_HAL_Driver/Src/stm32f1xx_hal_uart.o
 .debug_aranges
                0x0000000000000cd0      0x1d8 ./Middlewares/Third_Party/FreeRTOS/Source/CMSIS_RTOS/cmsis_os.o
 .debug_aranges
                0x0000000000000ea8       0x40 ./Middlewares/Third_Party/FreeRTOS/Source/list.o
 .debug_aranges
                0x0000000000000ee8      0x1c0 ./Middlewares/Third_Party/FreeRTOS/Source/tasks.o
 .debug_aranges
                0x00000000000010a8       0x78 ./Middlewares/Third_Party/FreeRTOS/Source/portable/GCC/ARM_CM3/port.o
 .debug_aranges
                0x0000000000001120       0x58 ./Middlewares/Third_Party/FreeRTOS/Source/portable/MemMang/heap_4.o

.debug_rnglists
                0x0000000000000000      0xd92
 .debug_rnglists
                0x0000000000000000       0x32 ./Core/Src/circ_buffer.o
 .debug_rnglists
                0x0000000000000032       0x33 ./Core/Src/e22900t22d.o
 .debug_rnglists
                0x0000000000000065       0x13 ./Core/Src/freertos.o
 .debug_rnglists
                0x0000000000000078       0x71 ./Core/Src/main.o
 .debug_rnglists
                0x00000000000000e9       0x2c ./Core/Src/stm32f1xx_hal_msp.o
 .debug_rnglists
                0x0000000000000115       0x4f ./Core/Src/stm32f1xx_it.o
 .debug_rnglists
                0x0000000000000164       0x1a ./Core/Src/system_stm32f1xx.o
 .debug_rnglists
                0x000000000000017e       0x19 ./Core/Startup/startup_stm32f103rbtx.o
 .debug_rnglists
                0x0000000000000197       0xa3 ./Drivers/STM32F1xx_HAL_Driver/Src/stm32f1xx_hal.o
 .debug_rnglists
                0x000000000000023a       0xbb ./Drivers/STM32F1xx_HAL_Driver/Src/stm32f1xx_hal_cortex.o
 .debug_rnglists
                0x00000000000002f5       0x64 ./Drivers/STM32F1xx_HAL_Driver/Src/stm32f1xx_hal_dma.o
 .debug_rnglists
                0x0000000000000359       0x3f ./Drivers/STM32F1xx_HAL_Driver/Src/stm32f1xx_hal_gpio.o
 .debug_rnglists
                0x0000000000000398       0x6c ./Drivers/STM32F1xx_HAL_Driver/Src/stm32f1xx_hal_rcc.o
 .debug_rnglists
                0x0000000000000404      0x31a ./Drivers/STM32F1xx_HAL_Driver/Src/stm32f1xx_hal_tim.o
 .debug_rnglists
                0x000000000000071e      0x125 ./Drivers/STM32F1xx_HAL_Driver/Src/stm32f1xx_hal_tim_ex.o
 .debug_rnglists
                0x0000000000000843      0x1bc ./Drivers/STM32F1xx_HAL_Driver/Src/stm32f1xx_hal_uart.o
 .debug_rnglists
                0x00000000000009ff      0x16a ./Middlewares/Third_Party/FreeRTOS/Source/CMSIS_RTOS/cmsis_os.o
 .debug_rnglists
                0x0000000000000b69       0x2b ./Middlewares/Third_Party/FreeRTOS/Source/list.o
 .debug_rnglists
                0x0000000000000b94      0x166 ./Middlewares/Third_Party/FreeRTOS/Source/tasks.o
 .debug_rnglists
                0x0000000000000cfa       0x56 ./Middlewares/Third_Party/FreeRTOS/Source/portable/GCC/ARM_CM3/port.o
 .debug_rnglists
                0x0000000000000d50       0x42 ./Middlewares/Third_Party/FreeRTOS/Source/portable/MemMang/heap_4.o

.debug_macro    0x0000000000000000    0x1999a
 .debug_macro   0x0000000000000000      0x13d ./Core/Src/circ_buffer.o
 .debug_macro   0x000000000000013d      0xa9c ./Core/Src/circ_buffer.o
 .debug_macro   0x0000000000000bd9       0x24 ./Core/Src/circ_buffer.o
 .debug_macro   0x0000000000000bfd       0x22 ./Core/Src/circ_buffer.o
 .debug_macro   0x0000000000000c1f       0x5b ./Core/Src/circ_buffer.o
 .debug_macro   0x0000000000000c7a       0x94 ./Core/Src/circ_buffer.o
 .debug_macro   0x0000000000000d0e       0x43 ./Core/Src/circ_buffer.o
 .debug_macro   0x0000000000000d51       0x34 ./Core/Src/circ_buffer.o
 .debug_macro   0x0000000000000d85       0x16 ./Core/Src/circ_buffer.o
 .debug_macro   0x0000000000000d9b      0x10e ./Core/Src/circ_buffer.o
 .debug_macro   0x0000000000000ea9       0x8d ./Core/Src/circ_buffer.o
 .debug_macro   0x0000000000000f36       0x16 ./Core/Src/circ_buffer.o
 .debug_macro   0x0000000000000f4c       0x43 ./Core/Src/circ_buffer.o
 .debug_macro   0x0000000000000f8f       0x57 ./Core/Src/circ_buffer.o
 .debug_macro   0x0000000000000fe6       0x34 ./Core/Src/circ_buffer.o
 .debug_macro   0x000000000000101a       0x10 ./Core/Src/circ_buffer.o
 .debug_macro   0x000000000000102a       0x58 ./Core/Src/circ_buffer.o
 .debug_macro   0x0000000000001082       0x8e ./Core/Src/circ_buffer.o
 .debug_macro   0x0000000000001110       0x1c ./Core/Src/circ_buffer.o
 .debug_macro   0x000000000000112c      0x177 ./Core/Src/circ_buffer.o
 .debug_macro   0x00000000000012a3      0x369 ./Core/Src/circ_buffer.o
 .debug_macro   0x000000000000160c       0x16 ./Core/Src/circ_buffer.o
 .debug_macro   0x0000000000001622       0x29 ./Core/Src/circ_buffer.o
 .debug_macro   0x000000000000164b      0x103 ./Core/Src/circ_buffer.o
 .debug_macro   0x000000000000174e       0x6a ./Core/Src/circ_buffer.o
 .debug_macro   0x00000000000017b8      0x1df ./Core/Src/circ_buffer.o
 .debug_macro   0x0000000000001997       0x10 ./Core/Src/circ_buffer.o
 .debug_macro   0x00000000000019a7      0x1c6 ./Core/Src/e22900t22d.o
 .debug_macro   0x0000000000001b6d       0x22 ./Core/Src/e22900t22d.o
 .debug_macro   0x0000000000001b8f       0x16 ./Core/Src/e22900t22d.o
 .debug_macro   0x0000000000001ba5       0x97 ./Core/Src/e22900t22d.o
 .debug_macro   0x0000000000001c3c       0xfd ./Core/Src/e22900t22d.o
 .debug_macro   0x0000000000001d39       0x10 ./Core/Src/e22900t22d.o
 .debug_macro   0x0000000000001d49       0x16 ./Core/Src/e22900t22d.o
 .debug_macro   0x0000000000001d5f       0x16 ./Core/Src/e22900t22d.o
 .debug_macro   0x0000000000001d75      0x147 ./Core/Src/e22900t22d.o
 .debug_macro   0x0000000000001ebc       0x16 ./Core/Src/e22900t22d.o
 .debug_macro   0x0000000000001ed2       0x35 ./Core/Src/e22900t22d.o
 .debug_macro   0x0000000000001f07       0x20 ./Core/Src/e22900t22d.o
 .debug_macro   0x0000000000001f27      0x21a ./Core/Src/freertos.o
 .debug_macro   0x0000000000002141      0x174 ./Core/Src/freertos.o
 .debug_macro   0x00000000000022b5       0x8e ./Core/Src/freertos.o
 .debug_macro   0x0000000000002343       0x51 ./Core/Src/freertos.o
 .debug_macro   0x0000000000002394       0xd0 ./Core/Src/freertos.o
 .debug_macro   0x0000000000002464      0x15a ./Core/Src/freertos.o
 .debug_macro   0x00000000000025be       0xde ./Core/Src/freertos.o
 .debug_macro   0x000000000000269c       0x1c ./Core/Src/freertos.o
 .debug_macro   0x00000000000026b8       0x26 ./Core/Src/freertos.o
 .debug_macro   0x00000000000026de      0x519 ./Core/Src/freertos.o
 .debug_macro   0x0000000000002bf7       0xb5 ./Core/Src/freertos.o
 .debug_macro   0x0000000000002cac       0xaa ./Core/Src/freertos.o
 .debug_macro   0x0000000000002d56      0x221 ./Core/Src/freertos.o
 .debug_macro   0x0000000000002f77       0x2e ./Core/Src/freertos.o
 .debug_macro   0x0000000000002fa5       0x22 ./Core/Src/freertos.o
 .debug_macro   0x0000000000002fc7       0x1c ./Core/Src/freertos.o
 .debug_macro   0x0000000000002fe3       0x22 ./Core/Src/freertos.o
 .debug_macro   0x0000000000003005       0xbd ./Core/Src/freertos.o
 .debug_macro   0x00000000000030c2      0xd23 ./Core/Src/freertos.o
 .debug_macro   0x0000000000003de5     0xe09e ./Core/Src/freertos.o
 .debug_macro   0x0000000000011e83       0x6d ./Core/Src/freertos.o
 .debug_macro   0x0000000000011ef0     0x34a2 ./Core/Src/freertos.o
 .debug_macro   0x0000000000015392       0x5c ./Core/Src/freertos.o
 .debug_macro   0x00000000000153ee      0x5bc ./Core/Src/freertos.o
 .debug_macro   0x00000000000159aa      0x289 ./Core/Src/freertos.o
 .debug_macro   0x0000000000015c33      0x1cb ./Core/Src/freertos.o
 .debug_macro   0x0000000000015dfe      0x114 ./Core/Src/freertos.o
 .debug_macro   0x0000000000015f12      0x1b2 ./Core/Src/freertos.o
 .debug_macro   0x00000000000160c4       0x27 ./Core/Src/freertos.o
 .debug_macro   0x00000000000160eb      0x136 ./Core/Src/freertos.o
 .debug_macro   0x0000000000016221      0x1bc ./Core/Src/freertos.o
 .debug_macro   0x00000000000163dd       0x34 ./Core/Src/freertos.o
 .debug_macro   0x0000000000016411       0x3c ./Core/Src/freertos.o
 .debug_macro   0x000000000001644d       0x57 ./Core/Src/freertos.o
 .debug_macro   0x00000000000164a4       0x87 ./Core/Src/freertos.o
 .debug_macro   0x000000000001652b      0x240 ./Core/Src/freertos.o
 .debug_macro   0x000000000001676b      0x140 ./Core/Src/freertos.o
 .debug_macro   0x00000000000168ab      0x8ed ./Core/Src/freertos.o
 .debug_macro   0x0000000000017198      0x28e ./Core/Src/freertos.o
 .debug_macro   0x0000000000017426       0x83 ./Core/Src/freertos.o
 .debug_macro   0x00000000000174a9       0x76 ./Core/Src/freertos.o
 .debug_macro   0x000000000001751f      0x386 ./Core/Src/main.o
 .debug_macro   0x00000000000178a5       0xd0 ./Core/Src/main.o
 .debug_macro   0x0000000000017975       0x91 ./Core/Src/main.o
 .debug_macro   0x0000000000017a06       0x8d ./Core/Src/main.o
 .debug_macro   0x0000000000017a93       0x7e ./Core/Src/main.o
 .debug_macro   0x0000000000017b11       0x19 ./Core/Src/main.o
 .debug_macro   0x0000000000017b2a       0xf2 ./Core/Src/main.o
 .debug_macro   0x0000000000017c1c       0x61 ./Core/Src/main.o
 .debug_macro   0x0000000000017c7d      0x1b2 ./Core/Src/stm32f1xx_hal_msp.o
 .debug_macro   0x0000000000017e2f      0x224 ./Core/Src/stm32f1xx_it.o
 .debug_macro   0x0000000000018053      0x1a3 ./Core/Src/system_stm32f1xx.o
 .debug_macro   0x00000000000181f6      0x1c7 ./Drivers/STM32F1xx_HAL_Driver/Src/stm32f1xx_hal.o
 .debug_macro   0x00000000000183bd      0x1a3 ./Drivers/STM32F1xx_HAL_Driver/Src/stm32f1xx_hal_cortex.o
 .debug_macro   0x0000000000018560      0x1a3 ./Drivers/STM32F1xx_HAL_Driver/Src/stm32f1xx_hal_dma.o
 .debug_macro   0x0000000000018703      0x20e ./Drivers/STM32F1xx_HAL_Driver/Src/stm32f1xx_hal_gpio.o
 .debug_macro   0x0000000000018911      0x1b5 ./Drivers/STM32F1xx_HAL_Driver/Src/stm32f1xx_hal_rcc.o
 .debug_macro   0x0000000000018ac6      0x1a4 ./Drivers/STM32F1xx_HAL_Driver/Src/stm32f1xx_hal_tim.o
 .debug_macro   0x0000000000018c6a      0x1a3 ./Drivers/STM32F1xx_HAL_Driver/Src/stm32f1xx_hal_tim_ex.o
 .debug_macro   0x0000000000018e0d      0x1a4 ./Drivers/STM32F1xx_HAL_Driver/Src/stm32f1xx_hal_uart.o
 .debug_macro   0x0000000000018fb1      0x1fe ./Middlewares/Third_Party/FreeRTOS/Source/CMSIS_RTOS/cmsis_os.o
 .debug_macro   0x00000000000191af       0x10 ./Middlewares/Third_Party/FreeRTOS/Source/CMSIS_RTOS/cmsis_os.o
 .debug_macro   0x00000000000191bf       0xab ./Middlewares/Third_Party/FreeRTOS/Source/CMSIS_RTOS/cmsis_os.o
 .debug_macro   0x000000000001926a      0x187 ./Middlewares/Third_Party/FreeRTOS/Source/list.o
 .debug_macro   0x00000000000193f1      0x279 ./Middlewares/Third_Party/FreeRTOS/Source/tasks.o
 .debug_macro   0x000000000001966a       0x10 ./Middlewares/Third_Party/FreeRTOS/Source/tasks.o
 .debug_macro   0x000000000001967a      0x172 ./Middlewares/Third_Party/FreeRTOS/Source/portable/GCC/ARM_CM3/port.o
 .debug_macro   0x00000000000197ec      0x1ae ./Middlewares/Third_Party/FreeRTOS/Source/portable/MemMang/heap_4.o

.debug_line     0x0000000000000000    0x131ce
 .debug_line    0x0000000000000000      0x687 ./Core/Src/circ_buffer.o
 .debug_line    0x0000000000000687      0x6dd ./Core/Src/e22900t22d.o
 .debug_line    0x0000000000000d64      0x7fa ./Core/Src/freertos.o
 .debug_line    0x000000000000155e      0xca8 ./Core/Src/main.o
 .debug_line    0x0000000000002206      0x7d3 ./Core/Src/stm32f1xx_hal_msp.o
 .debug_line    0x00000000000029d9      0x904 ./Core/Src/stm32f1xx_it.o
 .debug_line    0x00000000000032dd      0x77b ./Core/Src/system_stm32f1xx.o
 .debug_line    0x0000000000003a58       0x78 ./Core/Startup/startup_stm32f103rbtx.o
 .debug_line    0x0000000000003ad0      0x9a8 ./Drivers/STM32F1xx_HAL_Driver/Src/stm32f1xx_hal.o
 .debug_line    0x0000000000004478      0xb90 ./Drivers/STM32F1xx_HAL_Driver/Src/stm32f1xx_hal_cortex.o
 .debug_line    0x0000000000005008      0xe01 ./Drivers/STM32F1xx_HAL_Driver/Src/stm32f1xx_hal_dma.o
 .debug_line    0x0000000000005e09      0xa41 ./Drivers/STM32F1xx_HAL_Driver/Src/stm32f1xx_hal_gpio.o
 .debug_line    0x000000000000684a      0xdb1 ./Drivers/STM32F1xx_HAL_Driver/Src/stm32f1xx_hal_rcc.o
 .debug_line    0x00000000000075fb     0x34af ./Drivers/STM32F1xx_HAL_Driver/Src/stm32f1xx_hal_tim.o
 .debug_line    0x000000000000aaaa     0x18f7 ./Drivers/STM32F1xx_HAL_Driver/Src/stm32f1xx_hal_tim_ex.o
 .debug_line    0x000000000000c3a1     0x286c ./Drivers/STM32F1xx_HAL_Driver/Src/stm32f1xx_hal_uart.o
 .debug_line    0x000000000000ec0d     0x1278 ./Middlewares/Third_Party/FreeRTOS/Source/CMSIS_RTOS/cmsis_os.o
 .debug_line    0x000000000000fe85      0x78b ./Middlewares/Third_Party/FreeRTOS/Source/list.o
 .debug_line    0x0000000000010610     0x1a43 ./Middlewares/Third_Party/FreeRTOS/Source/tasks.o
 .debug_line    0x0000000000012053      0x7ca ./Middlewares/Third_Party/FreeRTOS/Source/portable/GCC/ARM_CM3/port.o
 .debug_line    0x000000000001281d      0x9b1 ./Middlewares/Third_Party/FreeRTOS/Source/portable/MemMang/heap_4.o

.debug_str      0x0000000000000000    0x92fbd
 .debug_str     0x0000000000000000     0x7084 ./Core/Src/circ_buffer.o
                                       0x728f (size before relaxing)
 .debug_str     0x0000000000007084      0x955 ./Core/Src/e22900t22d.o
                                       0x7b9f (size before relaxing)
 .debug_str     0x00000000000079d9    0x83535 ./Core/Src/freertos.o
                                      0x8769d (size before relaxing)
 .debug_str     0x000000000008af0e     0x3221 ./Core/Src/main.o
                                      0x8e241 (size before relaxing)
 .debug_str     0x000000000008e12f       0xf4 ./Core/Src/stm32f1xx_hal_msp.o
                                      0x84350 (size before relaxing)
 .debug_str     0x000000000008e223      0x172 ./Core/Src/stm32f1xx_it.o
                                      0x87aca (size before relaxing)
 .debug_str     0x000000000008e395       0x7e ./Core/Src/system_stm32f1xx.o
                                      0x836b0 (size before relaxing)
 .debug_str     0x000000000008e413       0x34 ./Core/Startup/startup_stm32f103rbtx.o
                                         0x78 (size before relaxing)
 .debug_str     0x000000000008e447      0x38e ./Drivers/STM32F1xx_HAL_Driver/Src/stm32f1xx_hal.o
                                      0x83de3 (size before relaxing)
 .debug_str     0x000000000008e7d5      0x28b ./Drivers/STM32F1xx_HAL_Driver/Src/stm32f1xx_hal_cortex.o
                                      0x83d2f (size before relaxing)
 .debug_str     0x000000000008ea60      0x206 ./Drivers/STM32F1xx_HAL_Driver/Src/stm32f1xx_hal_dma.o
                                      0x83a59 (size before relaxing)
 .debug_str     0x000000000008ec66      0x2b5 ./Drivers/STM32F1xx_HAL_Driver/Src/stm32f1xx_hal_gpio.o
                                      0x83a36 (size before relaxing)
 .debug_str     0x000000000008ef1b      0x229 ./Drivers/STM32F1xx_HAL_Driver/Src/stm32f1xx_hal_rcc.o
                                      0x83adf (size before relaxing)
 .debug_str     0x000000000008f144      0xdf9 ./Drivers/STM32F1xx_HAL_Driver/Src/stm32f1xx_hal_tim.o
                                      0x84ae1 (size before relaxing)
 .debug_str     0x000000000008ff3d      0x493 ./Drivers/STM32F1xx_HAL_Driver/Src/stm32f1xx_hal_tim_ex.o
                                      0x842ed (size before relaxing)
 .debug_str     0x00000000000903d0      0x59d ./Drivers/STM32F1xx_HAL_Driver/Src/stm32f1xx_hal_uart.o
                                      0x84150 (size before relaxing)
 .debug_str     0x000000000009096d      0xa33 ./Middlewares/Third_Party/FreeRTOS/Source/CMSIS_RTOS/cmsis_os.o
                                       0xe52f (size before relaxing)
 .debug_str     0x00000000000913a0      0x12d ./Middlewares/Third_Party/FreeRTOS/Source/list.o
                                       0xaa1b (size before relaxing)
 .debug_str     0x00000000000914cd     0x1155 ./Middlewares/Third_Party/FreeRTOS/Source/tasks.o
                                       0xcdc5 (size before relaxing)
 .debug_str     0x0000000000092622      0x66e ./Middlewares/Third_Party/FreeRTOS/Source/portable/GCC/ARM_CM3/port.o
                                       0x8564 (size before relaxing)
 .debug_str     0x0000000000092c90      0x32d ./Middlewares/Third_Party/FreeRTOS/Source/portable/MemMang/heap_4.o
                                       0xb35d (size before relaxing)

.debug_frame    0x0000000000000000     0x4870
 .debug_frame   0x0000000000000000       0xfc ./Core/Src/circ_buffer.o
 .debug_frame   0x00000000000000fc       0xe4 ./Core/Src/e22900t22d.o
 .debug_frame   0x00000000000001e0       0x38 ./Core/Src/freertos.o
 .debug_frame   0x0000000000000218      0x224 ./Core/Src/main.o
 .debug_frame   0x000000000000043c       0xcc ./Core/Src/stm32f1xx_hal_msp.o
 .debug_frame   0x0000000000000508      0x134 ./Core/Src/stm32f1xx_it.o
 .debug_frame   0x000000000000063c       0x58 ./Core/Src/system_stm32f1xx.o
 .debug_frame   0x0000000000000694      0x334 ./Drivers/STM32F1xx_HAL_Driver/Src/stm32f1xx_hal.o
 .debug_frame   0x00000000000009c8      0x428 ./Drivers/STM32F1xx_HAL_Driver/Src/stm32f1xx_hal_cortex.o
 .debug_frame   0x0000000000000df0      0x208 ./Drivers/STM32F1xx_HAL_Driver/Src/stm32f1xx_hal_dma.o
 .debug_frame   0x0000000000000ff8      0x14c ./Drivers/STM32F1xx_HAL_Driver/Src/stm32f1xx_hal_gpio.o
 .debug_frame   0x0000000000001144      0x218 ./Drivers/STM32F1xx_HAL_Driver/Src/stm32f1xx_hal_rcc.o
 .debug_frame   0x000000000000135c     0x11b8 ./Drivers/STM32F1xx_HAL_Driver/Src/stm32f1xx_hal_tim.o
 .debug_frame   0x0000000000002514      0x638 ./Drivers/STM32F1xx_HAL_Driver/Src/stm32f1xx_hal_tim_ex.o
 .debug_frame   0x0000000000002b4c      0x944 ./Drivers/STM32F1xx_HAL_Driver/Src/stm32f1xx_hal_uart.o
 .debug_frame   0x0000000000003490      0x808 ./Middlewares/Third_Party/FreeRTOS/Source/CMSIS_RTOS/cmsis_os.o
 .debug_frame   0x0000000000003c98       0xd8 ./Middlewares/Third_Party/FreeRTOS/Source/list.o
 .debug_frame   0x0000000000003d70      0x7a0 ./Middlewares/Third_Party/FreeRTOS/Source/tasks.o
 .debug_frame   0x0000000000004510      0x198 ./Middlewares/Third_Party/FreeRTOS/Source/portable/GCC/ARM_CM3/port.o
 .debug_frame   0x00000000000046a8      0x12c ./Middlewares/Third_Party/FreeRTOS/Source/portable/MemMang/heap_4.o
 .debug_frame   0x00000000000047d4       0x28 C:/ST/STM32CubeIDE_1.13.2/STM32CubeIDE/plugins/com.st.stm32cube.ide.mcu.externaltools.gnu-tools-for-stm32.11.3.rel1.win32_1.1.1.202309131626/tools/bin/../lib/gcc/arm-none-eabi/11.3.1/../../../../arm-none-eabi/lib/thumb/v7-m/nofp\libc_nano.a(libc_a-memcmp.o)
 .debug_frame   0x00000000000047fc       0x20 C:/ST/STM32CubeIDE_1.13.2/STM32CubeIDE/plugins/com.st.stm32cube.ide.mcu.externaltools.gnu-tools-for-stm32.11.3.rel1.win32_1.1.1.202309131626/tools/bin/../lib/gcc/arm-none-eabi/11.3.1/../../../../arm-none-eabi/lib/thumb/v7-m/nofp\libc_nano.a(libc_a-memset.o)
 .debug_frame   0x000000000000481c       0x2c C:/ST/STM32CubeIDE_1.13.2/STM32CubeIDE/plugins/com.st.stm32cube.ide.mcu.externaltools.gnu-tools-for-stm32.11.3.rel1.win32_1.1.1.202309131626/tools/bin/../lib/gcc/arm-none-eabi/11.3.1/../../../../arm-none-eabi/lib/thumb/v7-m/nofp\libc_nano.a(libc_a-init.o)
 .debug_frame   0x0000000000004848       0x28 C:/ST/STM32CubeIDE_1.13.2/STM32CubeIDE/plugins/com.st.stm32cube.ide.mcu.externaltools.gnu-tools-for-stm32.11.3.rel1.win32_1.1.1.202309131626/tools/bin/../lib/gcc/arm-none-eabi/11.3.1/../../../../arm-none-eabi/lib/thumb/v7-m/nofp\libc_nano.a(libc_a-memcpy-stub.o)

.debug_line_str
                0x0000000000000000       0x6c
 .debug_line_str
                0x0000000000000000       0x6c ./Core/Startup/startup_stm32f103rbtx.o
                                         0x84 (size before relaxing)
