../Core/Src/main.c:95:5:main	56	static
../Core/Src/main.c:183:6:SystemClock_Config	88	static
../Core/Src/main.c:229:13:MX_TIM10_Init	24	static
../Core/Src/main.c:274:13:MX_USART1_UART_Init	8	static
../Core/Src/main.c:305:13:MX_DMA_Init	16	static
../Core/Src/main.c:326:13:MX_GPIO_Init	48	static
../Core/Src/main.c:377:13:led_toggle_task	24	static
../Core/Src/main.c:397:13:e22_handle_task	24	static
../Core/Src/main.c:412:13:e22_transmission_task	32	static
../Core/Src/main.c:432:13:main_e22_transceiverMode	4	static
../Core/Src/main.c:437:13:main_e22_configurationMode	4	static
../Core/Src/main.c:442:6:HAL_UART_TxCpltCallback	16	static
../Core/Src/main.c:453:6:HAL_UARTEx_RxEventCallback	16	static
../Core/Src/main.c:463:13:main_lora_packet_receive	256	static
../Core/Src/main.c:486:6:StartDefaultTask	16	static
../Core/Src/main.c:501:6:Error_Handler	4	static,ignoring_inline_asm
