../Core/Src/main.c:96:5:main	56	static
../Core/Src/main.c:189:6:SystemClock_Config	72	static
../Core/Src/main.c:229:13:MX_TIM2_Init	32	static
../Core/Src/main.c:274:13:MX_USART1_UART_Init	8	static
../Core/Src/main.c:305:13:MX_DMA_Init	16	static
../Core/Src/main.c:326:13:MX_GPIO_Init	40	static
../Core/Src/main.c:379:13:led_toggle_task	24	static
../Core/Src/main.c:399:13:e22_handle_task	24	static
../Core/Src/main.c:415:13:e22_transmission_task	32	static
../Core/Src/main.c:437:13:main_e22_transceiverMode	4	static
../Core/Src/main.c:445:13:main_e22_configurationMode	4	static
../Core/Src/main.c:457:6:HAL_UART_TxCpltCallback	16	static
../Core/Src/main.c:475:6:HAL_UARTEx_RxEventCallback	16	static
../Core/Src/main.c:493:13:main_lora_packet_receive	256	static
../Core/Src/main.c:518:6:StartDefaultTask	16	static
../Core/Src/main.c:533:6:Error_Handler	4	static,ignoring_inline_asm
